###############################################################################
#                                                                             #
# IAR ELF Linker V5.41.0.51741/W32 for ARM              28/Feb/2013  00:58:50 #
# Copyright (C) 2007-2009 IAR Systems AB.                                     #
#                                                                             #
#    Output file  =  E:\_user\Desktop\Git\FWlib-dev\examples\Serial2Ethernet\ #
#                    EWARM-STM32F1xx\WIZ_W7200\Exe\Serial2Ethernet.out        #
#    Map file     =  E:\_user\Desktop\Git\FWlib-dev\examples\Serial2Ethernet\ #
#                    EWARM-STM32F1xx\WIZ_W7200\List\Serial2Ethernet.map       #
#    Command line =  E:\_user\Desktop\Git\FWlib-dev\examples\Serial2Ethernet\ #
#                    EWARM-STM32F1xx\WIZ_W7200\Obj\atcmd.o                    #
#                    E:\_user\Desktop\Git\FWlib-dev\examples\Serial2Ethernet\ #
#                    EWARM-STM32F1xx\WIZ_W7200\Obj\cmdrun.o                   #
#                    E:\_user\Desktop\Git\FWlib-dev\examples\Serial2Ethernet\ #
#                    EWARM-STM32F1xx\WIZ_W7200\Obj\core_cm3.o                 #
#                    E:\_user\Desktop\Git\FWlib-dev\examples\Serial2Ethernet\ #
#                    EWARM-STM32F1xx\WIZ_W7200\Obj\dhcp.o                     #
#                    E:\_user\Desktop\Git\FWlib-dev\examples\Serial2Ethernet\ #
#                    EWARM-STM32F1xx\WIZ_W7200\Obj\dns.o                      #
#                    E:\_user\Desktop\Git\FWlib-dev\examples\Serial2Ethernet\ #
#                    EWARM-STM32F1xx\WIZ_W7200\Obj\main.o                     #
#                    E:\_user\Desktop\Git\FWlib-dev\examples\Serial2Ethernet\ #
#                    EWARM-STM32F1xx\WIZ_W7200\Obj\misc.o                     #
#                    E:\_user\Desktop\Git\FWlib-dev\examples\Serial2Ethernet\ #
#                    EWARM-STM32F1xx\WIZ_W7200\Obj\socket.o                   #
#                    E:\_user\Desktop\Git\FWlib-dev\examples\Serial2Ethernet\ #
#                    EWARM-STM32F1xx\WIZ_W7200\Obj\sockutil.o                 #
#                    E:\_user\Desktop\Git\FWlib-dev\examples\Serial2Ethernet\ #
#                    EWARM-STM32F1xx\WIZ_W7200\Obj\startup_stm32f10x_md.o     #
#                    E:\_user\Desktop\Git\FWlib-dev\examples\Serial2Ethernet\ #
#                    EWARM-STM32F1xx\WIZ_W7200\Obj\stm32f10x_flash.o          #
#                    E:\_user\Desktop\Git\FWlib-dev\examples\Serial2Ethernet\ #
#                    EWARM-STM32F1xx\WIZ_W7200\Obj\stm32f10x_gpio.o           #
#                    E:\_user\Desktop\Git\FWlib-dev\examples\Serial2Ethernet\ #
#                    EWARM-STM32F1xx\WIZ_W7200\Obj\stm32f10x_it.o             #
#                    E:\_user\Desktop\Git\FWlib-dev\examples\Serial2Ethernet\ #
#                    EWARM-STM32F1xx\WIZ_W7200\Obj\stm32f10x_rcc.o            #
#                    E:\_user\Desktop\Git\FWlib-dev\examples\Serial2Ethernet\ #
#                    EWARM-STM32F1xx\WIZ_W7200\Obj\stm32f10x_spi.o            #
#                    E:\_user\Desktop\Git\FWlib-dev\examples\Serial2Ethernet\ #
#                    EWARM-STM32F1xx\WIZ_W7200\Obj\stm32f10x_usart.o          #
#                    E:\_user\Desktop\Git\FWlib-dev\examples\Serial2Ethernet\ #
#                    EWARM-STM32F1xx\WIZ_W7200\Obj\system_stm32f10x.o         #
#                    E:\_user\Desktop\Git\FWlib-dev\examples\Serial2Ethernet\ #
#                    EWARM-STM32F1xx\WIZ_W7200\Obj\util.o                     #
#                    E:\_user\Desktop\Git\FWlib-dev\examples\Serial2Ethernet\ #
#                    EWARM-STM32F1xx\WIZ_W7200\Obj\w5200.o                    #
#                    E:\_user\Desktop\Git\FWlib-dev\examples\Serial2Ethernet\ #
#                    EWARM-STM32F1xx\WIZ_W7200\Obj\wizplatform.o              #
#                    E:\_user\Desktop\Git\FWlib-dev\examples\Serial2Ethernet\ #
#                    EWARM-STM32F1xx\WIZ_W7200\Obj\wizspi.o -o                #
#                    E:\_user\Desktop\Git\FWlib-dev\examples\Serial2Ethernet\ #
#                    EWARM-STM32F1xx\WIZ_W7200\Exe\Serial2Ethernet.out --map  #
#                    E:\_user\Desktop\Git\FWlib-dev\examples\Serial2Ethernet\ #
#                    EWARM-STM32F1xx\WIZ_W7200\List\Serial2Ethernet.map       #
#                    --log initialization,modules,sections,veneers            #
#                    --log_file E:\_user\Desktop\Git\FWlib-dev\examples\Seria #
#                    l2Ethernet\EWARM-STM32F1xx\WIZ_W7200\List\Serial2Etherne #
#                    t.log --config E:\_user\Desktop\Git\FWlib-dev\examples\S #
#                    erial2Ethernet\EWARM-STM32F1xx\stm32f10x_flash_128k_S2E. #
#                    icf --semihosting --entry __iar_program_start            #
#                                                                             #
#                                                                             #
###############################################################################

*******************************************************************************
*** RUNTIME MODEL ATTRIBUTES
***

__endian      = little
__thumb_aware = enabled


*******************************************************************************
*** PLACEMENT SUMMARY
***

"A1":  place at 0x08000000 { ro section .intvec };
"P1":  place in [from 0x08000000 to 0x0801ffff] { ro };
"P2":  place in [from 0x20000000 to 0x20004fff] {
          rw, block CSTACK, block HEAP };

  Section            Kind        Address    Size  Object
  -------            ----        -------    ----  ------
"A1":                                       0xec
  .intvec            ro code  0x08000000    0xec  startup_stm32f10x_md.o [1]
                            - 0x080000ec    0xec

"P1":                                     0xc1dc
  .text              ro code  0x080000ec  0x42c4  atcmd.o [1]
  .text              ro code  0x080043b0  0x1574  cmdrun.o [1]
  .text              ro code  0x08005924  0x1444  socket.o [1]
  .text              ro code  0x08006d68   0xe9c  dhcp.o [1]
  .text              ro code  0x08007c04   0xcc2  xprintffull.o [3]
  .text              ro code  0x080088c8   0x752  core_cm3.o [1]
  .text              ro code  0x0800901c   0x722  w5200.o [1]
  .text              ro code  0x08009740   0x640  wizplatform.o [1]
  .text              ro code  0x08009d80   0x4ce  sockutil.o [1]
  .text              ro code  0x0800a250   0x246  DblDiv.o [4]
  .text              ro code  0x0800a498   0x1c4  wizspi.o [1]
  .text              ro code  0x0800a65c   0x1a8  util.o [1]
  .text              ro code  0x0800a804   0x1a2  DblMul.o [4]
  .text              ro code  0x0800a9a8   0x17e  DblSub.o [4]
  .text              ro code  0x0800ab28   0x158  system_stm32f10x.o [1]
  .text              ro code  0x0800ac80   0x12e  I64DivMod.o [4]
  .text              ro code  0x0800adb0   0x118  xstoul.o [3]
  .text              ro code  0x0800aec8   0x108  xdscale.o [3]
  .text              ro code  0x0800afd0    0xe6  DblAdd.o [4]
  .text              ro code  0x0800b0b6    0xc6  xdnorm.o [3]
  .text              ro code  0x0800b17c    0xbc  xxmemxmalloc.o [3]
  .text              ro code  0x0800b238    0x88  xxmemxfree.o [3]
  .text              ro code  0x0800b2c0    0x88  xsyslock.o [3]
  .text              ro code  0x0800b348    0x78  strtol.o [3]
  .text              ro code  0x0800b3c0    0x70  ABImemcpy.o [4]
  .text              ro code  0x0800b430    0x68  cppinit.o [3]
  .text              ro code  0x0800b498    0x66  ABImemset.o [4]
  .text              ro code  0x0800b500    0x62  memcmp.o [4]
  .text              ro code  0x0800b562    0x60  main.o [1]
  .text              ro code  0x0800b5c4    0x58  memchr.o [4]
  .text              ro code  0x0800b61c    0x56  DblToI32.o [4]
  .rodata            const    0x0800b674    0x50  xstoul.o [3]
  .text              ro code  0x0800b6c4    0x4c  strtok.o [3]
  .rodata            const    0x0800b710    0x48  cmdrun.o [1]
  .rodata            const    0x0800b758    0x48  cmdrun.o [1]
  .text              ro code  0x0800b7a0    0x48  MtxWrapper.o [3]
  .text              ro code  0x0800b7e8    0x44  strcpy.o [4]
  .text              ro code  0x0800b82c    0x42  strcmp.o [4]
  .rodata            const    0x0800b870    0x3c  cmdrun.o [1]
  .text              ro code  0x0800b8ac    0x38  ABImemset48.o [4]
  .text              ro code  0x0800b8e4    0x36  strlen.o [4]
  .text              ro code  0x0800b91a    0x36  stm32f10x_it.o [1]
  .rodata            const    0x0800b950    0x34  atcmd.o [1]
  .rodata            const    0x0800b984    0x34  atcmd.o [1]
  .rodata            const    0x0800b9b8    0x30  cmdrun.o [1]
  .text              ro code  0x0800b9e8    0x30  sprintf.o [3]
  .text              ro code  0x0800ba18    0x2e  DblCmpLe.o [4]
  .text              ro code  0x0800ba48    0x2e  DblCmpGe.o [4]
  .text              ro code  0x0800ba78    0x2e  I32ToDbl.o [4]
  .rodata            const    0x0800baa8    0x2c  atcmd.o [1]
  .rodata            const    0x0800bad4    0x2c  cmdrun.o [1]
  .text              ro code  0x0800bb00    0x2a  atcmd.o [1]
  .rodata            const    0x0800bb2c    0x28  atcmd.o [1]
  .rodata            const    0x0800bb54    0x28  atcmd.o [1]
  .rodata            const    0x0800bb7c    0x28  atcmd.o [1]
  .text              ro code  0x0800bba4    0x28  xgetmemchunk.o [3]
  .text              ro code  0x0800bbcc    0x28  atcmd.o [1]
  .rodata            const    0x0800bbf4    0x24  atcmd.o [1]
  .rodata            const    0x0800bc18    0x24  atcmd.o [1]
  .rodata            const    0x0800bc3c    0x24  atcmd.o [1]
  .text              ro code  0x0800bc60    0x24  sockutil.o [1]
  .text              ro code  0x0800bc84    0x24  copy_init2.o [4]
  .text              ro code  0x0800bca8    0x22  atcmd.o [1]
  .text              ro code  0x0800bcca    0x22  strcspn.o [3]
  .text              ro code  0x0800bcec    0x22  strspn.o [3]
  .iar.init_table    const    0x0800bd10    0x24  - Linker created -
  .rodata            const    0x0800bd34    0x20  sockutil.o [1]
  .rodata            const    0x0800bd54    0x20  wizplatform.o [1]
  .text              ro code  0x0800bd74    0x20  printf.o [3]
  .text              ro code  0x0800bd94    0x20  data_init2.o [4]
  .text              ro code  0x0800bdb4    0x1c  iarwstd.o [5]
  .text              ro code  0x0800bdd0    0x1a  xxmemxcalloc.o [3]
  .text              ro code  0x0800bdea    0x1a  zero_init2.o [4]
  .rodata            const    0x0800be04    0x18  cmdrun.o [1]
  .text              ro code  0x0800be1c    0x18  cmain.o [4]
  .text              ro code  0x0800be34    0x18  atcmd.o [1]
  .text              ro code  0x0800be4c    0x16  strchr.o [4]
  .text              ro code  0x0800be62    0x16  atcmd.o [1]
  .text              ro code  0x0800be78    0x16  xprout.o [3]
  .rodata            const    0x0800be90    0x14  cmdrun.o [1]
  .rodata            const    0x0800bea4    0x14  sockutil.o [1]
  .text              ro code  0x0800beb8    0x14  errno.o [3]
  .text              ro code  0x0800becc    0x14  exit.o [5]
  .text              ro code  0x0800bee0    0x14  atcmd.o [1]
  .text              ro code  0x0800bef4    0x12  xxmemxmemzero.o [3]
  .rodata            const    0x0800bf08    0x10  atcmd.o [1]
  .rodata            const    0x0800bf18    0x10  atcmd.o [1]
  .rodata            const    0x0800bf28    0x10  atcmd.o [1]
  .rodata            const    0x0800bf38    0x10  cmdrun.o [1]
  .rodata            const    0x0800bf48    0x10  cmdrun.o [1]
  .rodata            const    0x0800bf58    0x10  dhcp.o [1]
  .rodata            const    0x0800bf68    0x10  sockutil.o [1]
  .rodata            const    0x0800bf78    0x10  sockutil.o [1]
  .rodata            const    0x0800bf88    0x10  sockutil.o [1]
  .text              ro code  0x0800bf98    0x10  startup_stm32f10x_md.o [1]
  .text              ro code  0x0800bfa8    0x10  atcmd.o [1]
  .text              ro code  0x0800bfb8    0x10  atcmd.o [1]
  .text              ro code  0x0800bfc8    0x10  atcmd.o [1]
  .text              ro code  0x0800bfd8     0xe  cexit.o [4]
  .text              ro code  0x0800bfe6     0xe  atcmd.o [1]
  .text              ro code  0x0800bff4     0xe  div.o [3]
  .rodata            const    0x0800c004     0xc  atcmd.o [1]
  .rodata            const    0x0800c010     0xc  atcmd.o [1]
  .rodata            const    0x0800c01c     0xc  atcmd.o [1]
  .rodata            const    0x0800c028     0xc  atcmd.o [1]
  .rodata            const    0x0800c034     0xc  atcmd.o [1]
  .rodata            const    0x0800c040     0xc  atcmd.o [1]
  .rodata            const    0x0800c04c     0xc  atcmd.o [1]
  .rodata            const    0x0800c058     0xc  atcmd.o [1]
  .rodata            const    0x0800c064     0xc  atcmd.o [1]
  .rodata            const    0x0800c070     0xc  atcmd.o [1]
  .rodata            const    0x0800c07c     0xc  atcmd.o [1]
  .rodata            const    0x0800c088     0xc  atcmd.o [1]
  .rodata            const    0x0800c094     0xc  atcmd.o [1]
  .rodata            const    0x0800c0a0     0xc  atcmd.o [1]
  .rodata            const    0x0800c0ac     0xc  cmdrun.o [1]
  .rodata            const    0x0800c0b8     0xc  cmdrun.o [1]
  .rodata            const    0x0800c0c4     0xc  cmdrun.o [1]
  .rodata            const    0x0800c0d0     0xc  cmdrun.o [1]
  .rodata            const    0x0800c0dc     0xc  cmdrun.o [1]
  .rodata            const    0x0800c0e8     0xc  cmdrun.o [1]
  .rodata            const    0x0800c0f4     0xc  sockutil.o [1]
  .text              ro code  0x0800c100     0xc  atcmd.o [1]
  .text              ro code  0x0800c10c     0xa  xsprout.o [3]
  .rodata            const    0x0800c118     0x8  atcmd.o [1]
  .rodata            const    0x0800c120     0x8  atcmd.o [1]
  .rodata            const    0x0800c128     0x8  atcmd.o [1]
  .rodata            const    0x0800c130     0x8  atcmd.o [1]
  .rodata            const    0x0800c138     0x8  atcmd.o [1]
  .rodata            const    0x0800c140     0x8  atcmd.o [1]
  .rodata            const    0x0800c148     0x8  atcmd.o [1]
  .rodata            const    0x0800c150     0x8  atcmd.o [1]
  .rodata            const    0x0800c158     0x8  atcmd.o [1]
  .rodata            const    0x0800c160     0x8  atcmd.o [1]
  .rodata            const    0x0800c168     0x8  atcmd.o [1]
  .rodata            const    0x0800c170     0x8  atcmd.o [1]
  .rodata            const    0x0800c178     0x8  atcmd.o [1]
  .rodata            const    0x0800c180     0x8  cmdrun.o [1]
  .rodata            const    0x0800c188     0x8  dhcp.o [1]
  .rodata            const    0x0800c190     0x8  wizplatform.o [1]
  .rodata            const    0x0800c198     0x8  wizplatform.o [1]
  .rodata            const    0x0800c1a0     0x8  xprintffull.o [3]
  .text              ro code  0x0800c1a8     0x8  atcmd.o [1]
  .text              ro code  0x0800c1b0     0x8  atcmd.o [1]
  .text              ro code  0x0800c1b8     0x8  atcmd.o [1]
  .text              ro code  0x0800c1c0     0x6  ABImemclr4.o [4]
  .text              ro code  0x0800c1c6     0x6  exit.o [3]
  .text              ro code  0x0800c1cc     0x2  I64DivZer.o [4]
  .text              ro code  0x0800c1ce     0x4  startup_stm32f10x_md.o [1]
  .text              ro code  0x0800c1d2     0x4  startup_stm32f10x_md.o [1]
  .text              ro code  0x0800c1d6     0x4  startup_stm32f10x_md.o [1]
  .text              ro code  0x0800c1da     0x4  startup_stm32f10x_md.o [1]
  .text              ro code  0x0800c1de     0x4  startup_stm32f10x_md.o [1]
  .text              ro code  0x0800c1e2     0x4  startup_stm32f10x_md.o [1]
  .text              ro code  0x0800c1e6     0x4  startup_stm32f10x_md.o [1]
  .text              ro code  0x0800c1ea     0x4  startup_stm32f10x_md.o [1]
  .text              ro code  0x0800c1ee     0x4  startup_stm32f10x_md.o [1]
  .text              ro code  0x0800c1f2     0x4  startup_stm32f10x_md.o [1]
  .text              ro code  0x0800c1f6     0x4  startup_stm32f10x_md.o [1]
  .text              ro code  0x0800c1fa     0x4  startup_stm32f10x_md.o [1]
  .text              ro code  0x0800c1fe     0x4  startup_stm32f10x_md.o [1]
  .text              ro code  0x0800c202     0x4  startup_stm32f10x_md.o [1]
  .text              ro code  0x0800c206     0x4  startup_stm32f10x_md.o [1]
  .text              ro code  0x0800c20a     0x4  startup_stm32f10x_md.o [1]
  .text              ro code  0x0800c20e     0x4  startup_stm32f10x_md.o [1]
  .text              ro code  0x0800c212     0x4  startup_stm32f10x_md.o [1]
  .text              ro code  0x0800c216     0x4  startup_stm32f10x_md.o [1]
  .text              ro code  0x0800c21a     0x4  startup_stm32f10x_md.o [1]
  .text              ro code  0x0800c21e     0x4  startup_stm32f10x_md.o [1]
  .text              ro code  0x0800c222     0x4  startup_stm32f10x_md.o [1]
  .text              ro code  0x0800c226     0x4  startup_stm32f10x_md.o [1]
  .text              ro code  0x0800c22a     0x4  startup_stm32f10x_md.o [1]
  .text              ro code  0x0800c22e     0x4  startup_stm32f10x_md.o [1]
  .text              ro code  0x0800c232     0x4  startup_stm32f10x_md.o [1]
  .text              ro code  0x0800c236     0x4  startup_stm32f10x_md.o [1]
  .text              ro code  0x0800c23a     0x4  startup_stm32f10x_md.o [1]
  .text              ro code  0x0800c23e     0x4  startup_stm32f10x_md.o [1]
  .text              ro code  0x0800c242     0x4  startup_stm32f10x_md.o [1]
  .text              ro code  0x0800c246     0x4  startup_stm32f10x_md.o [1]
  .text              ro code  0x0800c24a     0x4  startup_stm32f10x_md.o [1]
  .text              ro code  0x0800c24e     0x4  startup_stm32f10x_md.o [1]
  .text              ro code  0x0800c252     0x4  startup_stm32f10x_md.o [1]
  .text              ro code  0x0800c256     0x4  startup_stm32f10x_md.o [1]
  .text              ro code  0x0800c25a     0x4  startup_stm32f10x_md.o [1]
  .text              ro code  0x0800c25e     0x4  startup_stm32f10x_md.o [1]
  .text              ro code  0x0800c262     0x4  startup_stm32f10x_md.o [1]
  .text              ro code  0x0800c266     0x4  startup_stm32f10x_md.o [1]
  .text              ro code  0x0800c26a     0x4  startup_stm32f10x_md.o [1]
  .text              ro code  0x0800c26e     0x4  startup_stm32f10x_md.o [1]
  .text              ro code  0x0800c272     0x4  startup_stm32f10x_md.o [1]
  .text              ro code  0x0800c276     0x4  startup_stm32f10x_md.o [1]
  .text              ro code  0x0800c27a     0x4  startup_stm32f10x_md.o [1]
  .text              ro code  0x0800c27e     0x4  startup_stm32f10x_md.o [1]
  .text              ro code  0x0800c282     0x4  startup_stm32f10x_md.o [1]
  .text              ro code  0x0800c286     0x4  startup_stm32f10x_md.o [1]
  .text              ro code  0x0800c28a     0x4  startup_stm32f10x_md.o [1]
  .text              ro code  0x0800c28e     0x4  startup_stm32f10x_md.o [1]
  .text              ro code  0x0800c292     0x4  startup_stm32f10x_md.o [1]
  .text              ro code  0x0800c296     0x4  startup_stm32f10x_md.o [1]
  .text              ro code  0x0800c29a     0x4  startup_stm32f10x_md.o [1]
  .text              ro code  0x0800c29e     0x4  low_level_init.o [3]
  .rodata            const    0x0800c2a2     0x1  strtok.o [3]
  Initializer bytes  ro data  0x0800c2a4    0x24  <for P2 s0>
                            - 0x0800c2c8  0xc1dc

"P2", part 1 of 3:                        0x16d4
  CSTACK                      0x20000000  0x1000  <Block>
    CSTACK           uninit   0x20000000  0x1000  <Block tail>
  HEAP                        0x20001000   0x500  <Block>
    HEAP             uninit   0x20001000   0x500  <Block tail>
  .iar.dynexit                0x20001500   0x1d4  <Block>
    .iar.dynexit     uninit   0x20001500     0xc  cppinit.o [3]
    .iar.dynexit     uninit   0x2000150c   0x1c8  <Block tail>
                            - 0x200016d4  0x16d4

"P2", part 2 of 3:                          0x24
  P2 s0                       0x200016d4    0x24  <Init block>
    .data            inited   0x200016d4    0x10  core_cm3.o [1]
    .data            inited   0x200016e4     0x4  core_cm3.o [1]
    .data            inited   0x200016e8     0x4  system_stm32f10x.o [1]
    .data            inited   0x200016ec     0x4  strtok.o [3]
    .data            inited   0x200016f0     0x4  cppinit.o [3]
    .data            inited   0x200016f4     0x2  socket.o [1]
    .data            inited   0x200016f6     0x1  atcmd.o [1]
    .data            inited   0x200016f7     0x1  socket.o [1]
                            - 0x200016f8    0x24

"P2", part 3 of 3:                        0x16a8
  .bss               zero     0x200016f8  0x10d0  atcmd.o [1]
  .bss               zero     0x200027c8   0x224  dhcp.o [1]
  .bss               zero     0x200029ec   0x12c  wizplatform.o [1]
  .bss               zero     0x20002b18    0x64  atcmd.o [1]
  .bss               zero     0x20002b7c    0x28  atcmd.o [1]
  .bss               zero     0x20002ba4    0x24  dhcp.o [1]
  .bss               zero     0x20002bc8    0x20  cmdrun.o [1]
  .bss               zero     0x20002be8    0x20  socket.o [1]
  .bss               zero     0x20002c08    0x20  socket.o [1]
  .bss               zero     0x20002c28    0x20  sockutil.o [1]
  .bss               zero     0x20002c48    0x18  dhcp.o [1]
  .bss               zero     0x20002c60    0x18  dhcp.o [1]
  .bss               zero     0x20002c78    0x14  xsyslock.o [3]
  .bss               zero     0x20002c8c    0x10  cmdrun.o [1]
  .bss               zero     0x20002c9c    0x10  cmdrun.o [1]
  .bss               zero     0x20002cac    0x10  cmdrun.o [1]
  .bss               zero     0x20002cbc    0x10  socket.o [1]
  .bss               zero     0x20002ccc    0x10  w5200.o [1]
  .bss               zero     0x20002cdc    0x10  w5200.o [1]
  .bss               zero     0x20002cec    0x10  w5200.o [1]
  .bss               zero     0x20002cfc    0x10  w5200.o [1]
  .bss               zero     0x20002d0c    0x10  w5200.o [1]
  .bss               zero     0x20002d1c    0x10  w5200.o [1]
  .bss               zero     0x20002d2c     0x8  cmdrun.o [1]
  .bss               zero     0x20002d34     0x8  cmdrun.o [1]
  .bss               zero     0x20002d3c     0x8  cmdrun.o [1]
  .bss               zero     0x20002d44     0x8  sockutil.o [1]
  .bss               zero     0x20002d4c     0x8  w5200.o [1]
  .bss               zero     0x20002d54     0x8  xxmemxmalloc.o [3]
  .bss               zero     0x20002d5c     0x8  errno.o [3]
  .bss               zero     0x20002d64     0x4  cmdrun.o [1]
  .bss               zero     0x20002d68     0x4  dhcp.o [1]
  .bss               zero     0x20002d6c     0x4  socket.o [1]
  .bss               zero     0x20002d70     0x4  util.o [1]
  .bss               zero     0x20002d74     0x4  wizplatform.o [1]
  .bss               zero     0x20002d78     0x4  xgetmemchunk.o [3]
  .bss               zero     0x20002d7c     0x4  MtxWrapper.o [3]
  .bss               zero     0x20002d80     0x4  MtxWrapper.o [3]
  .bss               zero     0x20002d84     0x4  MtxWrapper.o [3]
  .bss               zero     0x20002d88     0x4  MtxWrapper.o [3]
  .bss               zero     0x20002d8c     0x4  iarwstd.o [5]
  .bss               zero     0x20002d90     0x2  atcmd.o [1]
  .bss               zero     0x20002d92     0x2  wizplatform.o [1]
  .bss               zero     0x20002d94     0x2  wizplatform.o [1]
  .bss               zero     0x20002d96     0x1  atcmd.o [1]
  .bss               zero     0x20002d97     0x1  atcmd.o [1]
  .bss               zero     0x20002d98     0x1  atcmd.o [1]
  .bss               zero     0x20002d99     0x1  atcmd.o [1]
  .bss               zero     0x20002d9a     0x1  cmdrun.o [1]
  .bss               zero     0x20002d9b     0x1  cmdrun.o [1]
  .bss               zero     0x20002d9c     0x1  dhcp.o [1]
  .bss               zero     0x20002d9d     0x1  dhcp.o [1]
  .bss               zero     0x20002d9e     0x1  dhcp.o [1]
  .bss               zero     0x20002d9f     0x1  dhcp.o [1]
                            - 0x20002da0  0x16a8


*******************************************************************************
*** INIT TABLE
***

          Address     Size
          -------     ----
Zero (__iar_zero_init2)
    1 destination range, total size 0x16a8:
          0x200016f8  0x16a8

Copy (__iar_copy_init2)
    1 source range, total size 0x24 (100% of destination):
          0x0800c2a4    0x24
    1 destination range, total size 0x24:
          0x200016d4    0x24


*******************************************************************************
*** MODULE SUMMARY
***

    Module                  ro code  ro data  rw data
    ------                  -------  -------  -------
E:\_user\Desktop\Git\FWlib-dev\examples\Serial2Ethernet\EWARM-STM32F1xx\WIZ_W7200\Obj: [1]
    atcmd.o                  17 372      697    4 451
    cmdrun.o                  5 492      452      110
    core_cm3.o                1 874       20       20
    dhcp.o                    3 740       24      640
    main.o                       96
    socket.o                  5 188        3       87
    sockutil.o                1 266      112       40
    startup_stm32f10x_md.o      460
    stm32f10x_it.o               54
    system_stm32f10x.o          344        4        4
    util.o                      424                 4
    w5200.o                   1 826               104
    wizplatform.o             1 600       48      308
    wizspi.o                    452
    -------------------------------------------------
    Total:                   40 188    1 360    5 768

command line: [2]
    -------------------------------------------------
    Total:

dl7M_tl_in.a: [3]
    MtxWrapper.o                 72                16
    cppinit.o                   104        4       16
    div.o                        14
    errno.o                      20                 8
    exit.o                        6
    low_level_init.o              4
    printf.o                     32
    sprintf.o                    48
    strcspn.o                    34
    strspn.o                     34
    strtok.o                     76        5        4
    strtol.o                    120
    xdnorm.o                    198
    xdscale.o                   264
    xgetmemchunk.o               40                 4
    xprintffull.o             3 266        8
    xprout.o                     22
    xsprout.o                    10
    xstoul.o                    280       80
    xsyslock.o                  136                20
    xxmemxcalloc.o               26
    xxmemxfree.o                136
    xxmemxmalloc.o              188                 8
    xxmemxmemzero.o              18
    -------------------------------------------------
    Total:                    5 148       97       76

rt7M_tl.a: [4]
    ABImemclr4.o                  6
    ABImemcpy.o                 112
    ABImemset.o                 102
    ABImemset48.o                56
    DblAdd.o                    230
    DblCmpGe.o                   46
    DblCmpLe.o                   46
    DblDiv.o                    582
    DblMul.o                    418
    DblSub.o                    382
    DblToI32.o                   86
    I32ToDbl.o                   46
    I64DivMod.o                 302
    I64DivZer.o                   2
    cexit.o                      14
    cmain.o                      24
    copy_init2.o                 36
    data_init2.o                 32
    memchr.o                     88
    memcmp.o                     98
    strchr.o                     22
    strcmp.o                     66
    strcpy.o                     68
    strlen.o                     54
    zero_init2.o                 26
    -------------------------------------------------
    Total:                    2 944

shb_l.a: [5]
    exit.o                       20
    iarwstd.o                    28                 4
    -------------------------------------------------
    Total:                       48                 4

    Gaps                         24       18
    Linker created                        37    5 832
-----------------------------------------------------
    Grand Total:             48 352    1 512   11 680


*******************************************************************************
*** ENTRY LIST
***

Entry                      Address    Size  Type      Object
-----                      -------    ----  ----      ------
.iar.dynexit$$Base      0x20001500           --   Gb  - Linker created -
.iar.dynexit$$Limit     0x200016d4           --   Gb  - Linker created -
ADC1_2_IRQHandler       0x0800c23b          Code  Wk  startup_stm32f10x_md.o [1]
BusFault_Handler        0x0800b931     0xa  Code  Gb  stm32f10x_it.o [1]
CAN1_RX1_IRQHandler     0x0800c247          Code  Wk  startup_stm32f10x_md.o [1]
CAN1_SCE_IRQHandler     0x0800c24b          Code  Wk  startup_stm32f10x_md.o [1]
CSTACK$$Base            0x20000000           --   Gb  - Linker created -
CSTACK$$Limit           0x20001000           --   Gb  - Linker created -
ClsNetInfo              0x08005ccb    0x56  Code  Gb  socket.o [1]
DHCP                    0x200016f7     0x1  Data  Lc  socket.o [1]
DMA1_Channel1_IRQHandler
                        0x0800c21f          Code  Wk  startup_stm32f10x_md.o [1]
DMA1_Channel2_IRQHandler
                        0x0800c223          Code  Wk  startup_stm32f10x_md.o [1]
DMA1_Channel3_IRQHandler
                        0x0800c227          Code  Wk  startup_stm32f10x_md.o [1]
DMA1_Channel4_IRQHandler
                        0x0800c22b          Code  Wk  startup_stm32f10x_md.o [1]
DMA1_Channel5_IRQHandler
                        0x0800c22f          Code  Wk  startup_stm32f10x_md.o [1]
DMA1_Channel6_IRQHandler
                        0x0800c233          Code  Wk  startup_stm32f10x_md.o [1]
DMA1_Channel7_IRQHandler
                        0x0800c237          Code  Wk  startup_stm32f10x_md.o [1]
DNS                     0x20002d6c     0x4  Data  Lc  socket.o [1]
DebugMon_Handler        0x0800b947     0x2  Code  Gb  stm32f10x_it.o [1]
Delay_ms                0x08009c8f    0x2c  Code  Gb  wizplatform.o [1]
Delay_tick              0x08009cbb    0x10  Code  Gb  wizplatform.o [1]
Delay_us                0x08009c69    0x26  Code  Gb  wizplatform.o [1]
DtorRecArray            0x20001500     0xc  Data  Lc  cppinit.o [3]
EXTI0_IRQHandler        0x0800c20b          Code  Wk  startup_stm32f10x_md.o [1]
EXTI15_10_IRQHandler    0x0800c293          Code  Wk  startup_stm32f10x_md.o [1]
EXTI1_IRQHandler        0x0800c20f          Code  Wk  startup_stm32f10x_md.o [1]
EXTI2_IRQHandler        0x0800c213          Code  Wk  startup_stm32f10x_md.o [1]
EXTI3_IRQHandler        0x0800c217          Code  Wk  startup_stm32f10x_md.o [1]
EXTI4_IRQHandler        0x0800c21b          Code  Wk  startup_stm32f10x_md.o [1]
EXTI9_5_IRQHandler      0x0800c24f          Code  Wk  startup_stm32f10x_md.o [1]
FLASH_IRQHandler        0x0800c203          Code  Wk  startup_stm32f10x_md.o [1]
FLASH_PrefetchBufferCmd
                        0x0800896d    0x1c  Code  Gb  core_cm3.o [1]
FLASH_SetLatency        0x08008955    0x18  Code  Gb  core_cm3.o [1]
GPIO_Configuration      0x08009b47    0x8e  Code  Gb  wizplatform.o [1]
GPIO_Init               0x08008989    0xcc  Code  Gb  core_cm3.o [1]
GPIO_ResetBits          0x08008a6b     0x6  Code  Gb  core_cm3.o [1]
GPIO_SetBits            0x08008a65     0x6  Code  Gb  core_cm3.o [1]
GPIO_StructInit         0x08008a55    0x10  Code  Gb  core_cm3.o [1]
GetDstInfo              0x08005d6b    0x1a  Code  Gb  socket.o [1]
GetNetInfo              0x08005d21    0x4a  Code  Gb  socket.o [1]
GetSocketRxRecvBufferSize
                        0x08005dd3     0xa  Code  Gb  socket.o [1]
GetSocketTxFreeBufferSize
                        0x08005dc9     0xa  Code  Gb  socket.o [1]
GetUDPSocketStatus      0x08005d85    0x44  Code  Gb  socket.o [1]
HEAP$$Base              0x20001000           --   Gb  - Linker created -
HEAP$$Limit             0x20001500           --   Gb  - Linker created -
HardFault_Handler       0x0800b91d     0xa  Code  Gb  stm32f10x_it.o [1]
I2C1_ER_IRQHandler      0x0800c273          Code  Wk  startup_stm32f10x_md.o [1]
I2C1_EV_IRQHandler      0x0800c26f          Code  Wk  startup_stm32f10x_md.o [1]
I2C2_ER_IRQHandler      0x0800c27b          Code  Wk  startup_stm32f10x_md.o [1]
I2C2_EV_IRQHandler      0x0800c277          Code  Wk  startup_stm32f10x_md.o [1]
IINCHIP_CSoff           0x08009095     0xc  Code  Gb  w5200.o [1]
IINCHIP_CSon            0x080090a1     0xc  Code  Gb  w5200.o [1]
IINCHIP_READ            0x080090f3    0x38  Code  Gb  w5200.o [1]
IINCHIP_READ_BLOCK      0x0800918f    0x58  Code  Gb  w5200.o [1]
IINCHIP_SpiSendData     0x080090ad     0xe  Code  Gb  w5200.o [1]
IINCHIP_WRITE           0x080090bb    0x38  Code  Gb  w5200.o [1]
IINCHIP_WRITE_BLOCK     0x0800912b    0x64  Code  Gb  w5200.o [1]
MemManage_Handler       0x0800b927     0xa  Code  Gb  stm32f10x_it.o [1]
NMI_Handler             0x0800b91b     0x2  Code  Gb  stm32f10x_it.o [1]
NVIC_Configuration      0x08009c51    0x16  Code  Gb  wizplatform.o [1]
NVIC_Init               0x080088d7    0x6e  Code  Gb  core_cm3.o [1]
NVIC_PriorityGroupConfig
                        0x080088c9     0xe  Code  Gb  core_cm3.o [1]
NVIC_SetPriority        0x08009741    0x26  Code  Lc  wizplatform.o [1]
NVIC_SetVectorTable     0x08008945    0x10  Code  Gb  core_cm3.o [1]
NVIC_SystemReset        0x080000ed    0x1c  Code  Lc  atcmd.o [1]
PVD_IRQHandler          0x0800c1f7          Code  Wk  startup_stm32f10x_md.o [1]
PendSV_Handler          0x0800b949     0x2  Code  Gb  stm32f10x_it.o [1]
RBUFBASEADDRESS         0x20002d1c    0x10  Data  Gb  w5200.o [1]
RCC_APB1PeriphClockCmd  0x08008d19    0x28  Code  Gb  core_cm3.o [1]
RCC_APB2PeriphClockCmd  0x08008cf1    0x28  Code  Gb  core_cm3.o [1]
RCC_Configuration       0x08009bd5    0x7c  Code  Gb  wizplatform.o [1]
RCC_DeInit              0x08008a71    0x5c  Code  Gb  core_cm3.o [1]
RCC_GetClocksFreq       0x08008c0d    0xe4  Code  Gb  core_cm3.o [1]
RCC_GetFlagStatus       0x08008d41    0x4a  Code  Gb  core_cm3.o [1]
RCC_GetSYSCLKSource     0x08008ba9     0xc  Code  Gb  core_cm3.o [1]
RCC_HCLKConfig          0x08008bb5    0x18  Code  Gb  core_cm3.o [1]
RCC_HSEConfig           0x08008ad5    0x4c  Code  Gb  core_cm3.o [1]
RCC_IRQHandler          0x0800c207          Code  Wk  startup_stm32f10x_md.o [1]
RCC_PCLK1Config         0x08008bcd    0x18  Code  Gb  core_cm3.o [1]
RCC_PCLK2Config         0x08008be5    0x1a  Code  Gb  core_cm3.o [1]
RCC_PLLCmd              0x08008b87     0xa  Code  Gb  core_cm3.o [1]
RCC_PLLConfig           0x08008b6d    0x1a  Code  Gb  core_cm3.o [1]
RCC_SYSCLKConfig        0x08008b91    0x18  Code  Gb  core_cm3.o [1]
RCC_WaitForHSEStartUp   0x08008b2d    0x3a  Code  Gb  core_cm3.o [1]
RMASK                   0x20002cdc    0x10  Data  Gb  w5200.o [1]
RSIZE                   0x20002cfc    0x10  Data  Gb  w5200.o [1]
RTCAlarm_IRQHandler     0x0800c297          Code  Wk  startup_stm32f10x_md.o [1]
RTC_IRQHandler          0x0800c1ff          Code  Wk  startup_stm32f10x_md.o [1]
Region$$Table$$Base     0x0800bd10           --   Gb  - Linker created -
Region$$Table$$Limit    0x0800bd34           --   Gb  - Linker created -
Reset_Handler           0x0800bf99          Code  Wk  startup_stm32f10x_md.o [1]
SBUFBASEADDRESS         0x20002d0c    0x10  Data  Gb  w5200.o [1]
SMASK                   0x20002ccc    0x10  Data  Gb  w5200.o [1]
SPI1_IRQHandler         0x0800c27f          Code  Wk  startup_stm32f10x_md.o [1]
SPI2_IRQHandler         0x0800c283          Code  Wk  startup_stm32f10x_md.o [1]
SPI_Cmd                 0x08008dc9    0x1a  Code  Gb  core_cm3.o [1]
SPI_I2S_GetFlagStatus   0x08008deb    0x14  Code  Gb  core_cm3.o [1]
SPI_I2S_ReceiveData     0x08008de7     0x4  Code  Gb  core_cm3.o [1]
SPI_I2S_SendData        0x08008de3     0x4  Code  Gb  core_cm3.o [1]
SPI_Init                0x08008d8b    0x3e  Code  Gb  core_cm3.o [1]
SSIZE                   0x20002cec    0x10  Data  Gb  w5200.o [1]
SVC_Handler             0x0800b945     0x2  Code  Gb  stm32f10x_it.o [1]
SetNetInfo              0x08005bf7    0xd4  Code  Gb  socket.o [1]
SetSysClock             0x0800ab7b     0x8  Code  Lc  system_stm32f10x.o [1]
SetSysClockTo72         0x0800ab83    0xe0  Code  Lc  system_stm32f10x.o [1]
SysTick_Config          0x08009767    0x36  Code  Lc  wizplatform.o [1]
SysTick_Handler         0x0800979d    0x10  Code  Gb  wizplatform.o [1]
SystemCoreClock         0x200016e8     0x4  Data  Gb  system_stm32f10x.o [1]
SystemInit              0x0800ab29    0x52  Code  Gb  system_stm32f10x.o [1]
TAMPER_IRQHandler       0x0800c1fb          Code  Wk  startup_stm32f10x_md.o [1]
TCPClose                0x0800623f    0x2c  Code  Gb  socket.o [1]
TCPCloseCHK             0x080062cf    0x7e  Code  Gb  socket.o [1]
TCPCloseNB              0x0800626b    0x64  Code  Gb  socket.o [1]
TCPClsRcvCHK            0x0800634d    0x74  Code  Gb  socket.o [1]
TCPCltOpenNB            0x08005ef1   0x21e  Code  Gb  socket.o [1]
TCPConnChk              0x0800610f    0x68  Code  Gb  socket.o [1]
TCPReSendNB             0x08006561   0x122  Code  Gb  socket.o [1]
TCPRecv                 0x08006761    0xec  Code  Gb  socket.o [1]
TCPSendCHK              0x08006689    0xbe  Code  Gb  socket.o [1]
TCPSendNB               0x08006419   0x132  Code  Gb  socket.o [1]
TCPServerOpen           0x08005ddd   0x114  Code  Gb  socket.o [1]
TIM1_BRK_IRQHandler     0x0800c253          Code  Wk  startup_stm32f10x_md.o [1]
TIM1_CC_IRQHandler      0x0800c25f          Code  Wk  startup_stm32f10x_md.o [1]
TIM1_TRG_COM_IRQHandler
                        0x0800c25b          Code  Wk  startup_stm32f10x_md.o [1]
TIM1_UP_IRQHandler      0x0800c257          Code  Wk  startup_stm32f10x_md.o [1]
TIM2_IRQHandler         0x0800b94b     0x2  Code  Gb  stm32f10x_it.o [1]
TIM3_IRQHandler         0x0800b94d     0x2  Code  Gb  stm32f10x_it.o [1]
TIM4_IRQHandler         0x0800c26b          Code  Wk  startup_stm32f10x_md.o [1]
UDPClose                0x080063c1    0x58  Code  Gb  socket.o [1]
UDPOpen                 0x08006177    0xc8  Code  Gb  socket.o [1]
UDPRecv                 0x08006adb   0x28e  Code  Gb  socket.o [1]
UDPSend                 0x0800684d    0x48  Code  Gb  socket.o [1]
UDPSendCHK              0x08006a7f    0x5c  Code  Gb  socket.o [1]
UDPSendNB               0x08006895   0x1ea  Code  Gb  socket.o [1]
USART1_IRQHandler       0x080097ad    0xd0  Code  Gb  wizplatform.o [1]
USART2_IRQHandler       0x0800b94f     0x2  Code  Gb  stm32f10x_it.o [1]
USART3_IRQHandler       0x0800c28f          Code  Wk  startup_stm32f10x_md.o [1]
USART_ClearITPendingBit
                        0x08008ff9    0x22  Code  Gb  core_cm3.o [1]
USART_Cmd               0x08008efd    0x1a  Code  Gb  core_cm3.o [1]
USART_GetFlagStatus     0x08008f79    0x1c  Code  Gb  core_cm3.o [1]
USART_GetITStatus       0x08008f95    0x64  Code  Gb  core_cm3.o [1]
USART_ITConfig          0x08008f17    0x52  Code  Gb  core_cm3.o [1]
USART_Init              0x08008dff    0xbe  Code  Gb  core_cm3.o [1]
USART_ReceiveData       0x08008f71     0x8  Code  Gb  core_cm3.o [1]
USART_SendData          0x08008f69     0x8  Code  Gb  core_cm3.o [1]
USBWakeUp_IRQHandler    0x0800c29b          Code  Wk  startup_stm32f10x_md.o [1]
USB_HP_CAN1_TX_IRQHandler
                        0x0800c23f          Code  Wk  startup_stm32f10x_md.o [1]
USB_LP_CAN1_RX0_IRQHandler
                        0x0800c243          Code  Wk  startup_stm32f10x_md.o [1]
UsageFault_Handler      0x0800b93b     0xa  Code  Gb  stm32f10x_it.o [1]
WWDG_IRQHandler         0x0800c1f3          Code  Wk  startup_stm32f10x_md.o [1]
_GenldDefault           0x0800862d   0x24e  Code  Lc  xprintffull.o [3]
_LdtobDefault           0x08008219   0x40e  Code  Lc  xprintffull.o [3]
_LitobDefault           0x0800810b   0x10e  Code  Lc  xprintffull.o [3]
_LocaleC_isalpha        0x0800bca9    0x22  Code  Gb  atcmd.o [1]
_LocaleC_islower        0x0800bfa9    0x10  Code  Gb  atcmd.o [1]
_LocaleC_ispunct        0x0800bbcd    0x28  Code  Gb  atcmd.o [1]
_LocaleC_isupper        0x0800bfb9    0x10  Code  Gb  atcmd.o [1]
_LocaleC_toupper        0x0800be63    0x16  Code  Gb  atcmd.o [1]
_Printf                 0x08007c05   0x506  Code  Gb  xprintffull.o [3]
_Prout                  0x0800be79    0x16  Code  Gb  xprout.o [3]
_PutcharsDefault        0x08008895    0x32  Code  Lc  xprintffull.o [3]
_SProut                 0x0800c10d     0xa  Code  Gb  xsprout.o [3]
_Strtok_ssave           0x200016ec     0x4  Data  Lc  strtok.o [3]
__aeabi_cdcmple         0x0800ba19          Code  Gb  DblCmpLe.o [4]
__aeabi_cdrcmple        0x0800ba49          Code  Gb  DblCmpGe.o [4]
__aeabi_d2iz            0x0800b61d          Code  Gb  DblToI32.o [4]
__aeabi_d2uiz           0x0800b649          Code  Gb  DblToI32.o [4]
__aeabi_dadd            0x0800afd1          Code  Gb  DblAdd.o [4]
__aeabi_ddiv            0x0800a251          Code  Gb  DblDiv.o [4]
__aeabi_dmul            0x0800a805          Code  Gb  DblMul.o [4]
__aeabi_dsub            0x0800a9a9          Code  Gb  DblSub.o [4]
__aeabi_errno_addr      0x0800beb9    0x14  Code  Gb  errno.o [3]
__aeabi_i2d             0x0800ba79          Code  Gb  I32ToDbl.o [4]
__aeabi_ldiv0           0x0800c1cd          Code  Gb  I64DivZer.o [4]
__aeabi_ldivmod         0x0800ac81          Code  Gb  I64DivMod.o [4]
__aeabi_memclr4         0x0800c1c1          Code  Gb  ABImemclr4.o [4]
__aeabi_memcpy          0x0800b3c1          Code  Gb  ABImemcpy.o [4]
__aeabi_memcpy4         0x0800b3db          Code  Gb  ABImemcpy.o [4]
__aeabi_memcpy8         0x0800b3db          Code  Gb  ABImemcpy.o [4]
__aeabi_memset          0x0800b499          Code  Gb  ABImemset.o [4]
__aeabi_memset4         0x0800b8ad          Code  Gb  ABImemset48.o [4]
__aeabi_memset8         0x0800b8ad          Code  Gb  ABImemset48.o [4]
__aeabi_ui2d            0x0800ba8d          Code  Gb  I32ToDbl.o [4]
__aeabi_uldivmod        0x0800ac95          Code  Gb  I64DivMod.o [4]
__call_dtors            0x0800b455     0x2  Code  Gb  cppinit.o [3]
__cstart_call_dtors     0x0800bfdb          Code  Gb  cexit.o [4]
__cxa_atexit            0x0800b431    0x24  Code  Gb  cppinit.o [3]
__cxa_finalize          0x0800b457    0x36  Code  Gb  cppinit.o [3]
__data_Aldata           0x20002d54     0x8  Data  Gb  xxmemxmalloc.o [3]
__data_GetMemChunk      0x0800bba5    0x28  Code  Gb  xgetmemchunk.o [3]
__data_memzero          0x0800bef5    0x12  Code  Gb  xxmemxmemzero.o [3]
__exit                  0x0800becd    0x14  Code  Gb  exit.o [5]
__iar_Dnorm             0x0800b0b7    0xc6  Code  Gb  xdnorm.o [3]
__iar_Dscale            0x0800aec9   0x108  Code  Gb  xdscale.o [3]
__iar_Errno             0x20002d60     0x4  Data  Gb  errno.o [3]
__iar_Locksyslock       0x0800b2e7    0x46  Code  Gb  xsyslock.o [3]
__iar_Memchr            0x0800b5c5          Code  Gb  memchr.o [4]
__iar_Memset            0x0800b499          Code  Gb  ABImemset.o [4]
__iar_Memset4_word      0x0800b8b5          Code  Gb  ABImemset48.o [4]
__iar_Memset8_word      0x0800b8b5          Code  Gb  ABImemset48.o [4]
__iar_Memset_word       0x0800b4a1          Code  Gb  ABImemset.o [4]
__iar_Mtxdst            0x0800b7af     0xe  Code  Gb  MtxWrapper.o [3]
__iar_Mtxinit           0x0800b7a1     0xe  Code  Gb  MtxWrapper.o [3]
__iar_Mtxlock           0x0800b7bd     0xe  Code  Gb  MtxWrapper.o [3]
__iar_Mtxunlock         0x0800b7cb     0xe  Code  Gb  MtxWrapper.o [3]
__iar_Stoul             0x0800adb1   0x118  Code  Gb  xstoul.o [3]
__iar_Strchr            0x0800be4d          Code  Gb  strchr.o [4]
__iar_Tls_setup___iar_Errno
                        0x20002d5c     0x4  Data  Gb  errno.o [3]
__iar_Unlocksyslock     0x0800b32d    0x14  Code  Gb  xsyslock.o [3]
__iar_copy_init2        0x0800bc85    0x24  Code  Gb  copy_init2.o [4]
__iar_d2uiz             0x0800b653          Code  Gb  DblToI32.o [4]
__iar_dadd              0x0800afe3          Code  Gb  DblAdd.o [4]
__iar_data_init2        0x0800bd95    0x20  Code  Gb  data_init2.o [4]
__iar_dsub              0x0800a9bb          Code  Gb  DblSub.o [4]
__iar_dsubStart         0x0800a9cd          Code  Gb  DblSub.o [4]
__iar_program_start     0x0800be1d          Code  Gb  cmain.o [4]
__iar_sh_stdout_close   0x0800bdb5    0x16  Code  Gb  iarwstd.o [5]
__iar_sh_stdout_handle  0x20002d8c     0x4  Data  Lc  iarwstd.o [5]
__iar_strcmp            0x0800b82d          Code  Gb  strcmp.o [4]
__iar_ui2d              0x0800ba8f          Code  Gb  I32ToDbl.o [4]
__iar_zero_init2        0x0800bdeb    0x1a  Code  Gb  zero_init2.o [4]
__low_level_init        0x0800c29f     0x4  Code  Gb  low_level_init.o [3]
__vector_table          0x08000000          Data  Gb  startup_stm32f10x_md.o [1]
_exit                   0x0800bfd9          Code  Gb  cexit.o [4]
_main                   0x0800be2f          Code  Gb  cmain.o [4]
act_mevt_a              0x08005869    0x5c  Code  Gb  cmdrun.o [1]
act_mevt_q              0x080057d3    0x88  Code  Gb  cmdrun.o [1]
act_mset_a              0x08005741    0x50  Code  Gb  cmdrun.o [1]
act_mset_q              0x080056dd    0x64  Code  Gb  cmdrun.o [1]
act_mstat               0x08005791    0x42  Code  Gb  cmdrun.o [1]
act_ncls                0x08004fe5    0x92  Code  Gb  cmdrun.o [1]
act_nmac_a              0x08004e21    0x2c  Code  Gb  cmdrun.o [1]
act_nmac_q              0x08004dcd    0x4c  Code  Gb  cmdrun.o [1]
act_nopen_a             0x08004e5d   0x188  Code  Gb  cmdrun.o [1]
act_nopen_q             0x08004e4d    0x10  Code  Gb  cmdrun.o [1]
act_nrecv               0x080052f1   0x17c  Code  Gb  cmdrun.o [1]
act_nsend               0x080051f9    0xe0  Code  Gb  cmdrun.o [1]
act_nsend_chk           0x08005091   0x160  Code  Gb  cmdrun.o [1]
act_nset_a              0x08004b3f    0xd6  Code  Gb  cmdrun.o [1]
act_nset_q              0x08004981   0x1be  Code  Gb  cmdrun.o [1]
act_nsock               0x08005485   0x246  Code  Gb  cmdrun.o [1]
act_nstat               0x08004c19   0x1b4  Code  Gb  cmdrun.o [1]
alarm_del               0x0800a6c9    0x5a  Code  Gb  util.o [1]
alarm_run               0x0800a723    0x34  Code  Gb  util.o [1]
alarm_set               0x0800a65d    0x6c  Code  Gb  util.o [1]
alst                    0x20002d70     0x4  Data  Lc  util.o [1]
atc_async_cb            0x0800460d   0x374  Code  Gb  cmdrun.o [1]
atc_init                0x08000109    0x8a  Code  Gb  atcmd.o [1]
atc_resend_alarm        0x08004591    0x7c  Code  Lc  cmdrun.o [1]
atc_run                 0x08000195   0x4d4  Code  Gb  atcmd.o [1]
atci                    0x200016f8  0x10d0  Data  Gb  atcmd.o [1]
atoi                    0x0800c101     0xc  Code  Gb  atcmd.o [1]
calloc                  0x0800bdd1    0x1a  Code  Gb  xxmemxcalloc.o [3]
clearlocks              0x0800b2c1    0x26  Code  Lc  xsyslock.o [3]
cmd_assign              0x08000c35   0x394  Code  Lc  atcmd.o [1]
cmd_divide              0x08000849   0x39c  Code  Lc  atcmd.o [1]
cmd_resp                0x08001075   0x550  Code  Gb  atcmd.o [1]
cmd_resp_dump           0x08000fd1    0x66  Code  Gb  atcmd.o [1]
cmd_set_prev            0x0800066d   0x1da  Code  Lc  atcmd.o [1]
device_HW_reset         0x08009b23    0x24  Code  Gb  wizplatform.o [1]
device_SW_reset         0x08005939     0xa  Code  Gb  socket.o [1]
device_init             0x08005925    0x14  Code  Gb  socket.o [1]
device_mem_init         0x08005943   0x2b4  Code  Gb  socket.o [1]
dhcp_alarm              0x20002d9c     0x1  Data  Lc  dhcp.o [1]
dhcp_alarm_cb           0x080070ab    0xcc  Code  Lc  dhcp.o [1]
dhcp_async              0x20002d9d     0x1  Data  Lc  dhcp.o [1]
dhcp_async_cb           0x08007177    0x56  Code  Lc  dhcp.o [1]
dhcp_auto_start         0x08007065    0x46  Code  Gb  dhcp.o [1]
dhcp_fail               0x080074f7    0x4a  Code  Lc  dhcp.o [1]
dhcp_get_storage        0x08006ee5    0x4c  Code  Gb  dhcp.o [1]
dhcp_init               0x08006d69    0xac  Code  Gb  dhcp.o [1]
dhcp_run                0x080071cd   0x32a  Code  Lc  dhcp.o [1]
dhcp_run_cnt            0x20002d9e     0x1  Data  Lc  dhcp.o [1]
dhcp_run_tick           0x20002d68     0x4  Data  Lc  dhcp.o [1]
dhcp_set_storage        0x08006e15    0xd0  Code  Gb  dhcp.o [1]
dhcp_static_mode        0x08006f31   0x134  Code  Gb  dhcp.o [1]
di                      0x20002ba4    0x24  Data  Lc  dhcp.o [1]
digit_length            0x0800a757    0x32  Code  Gb  util.o [1]
digits                  0x0800b69c    0x28  Data  Lc  xstoul.o [3]
div                     0x0800bff5     0xe  Code  Gb  div.o [3]
dm                      0x200027c8   0x224  Data  Lc  dhcp.o [1]
eqp_cnt                 0x20002d9b     0x1  Data  Gb  cmdrun.o [1]
event_dequeue           0x080044f1    0xa0  Code  Lc  cmdrun.o [1]
event_enqueue           0x08004453    0x9e  Code  Lc  cmdrun.o [1]
eventqueue              0x20002d64     0x4  Data  Gb  cmdrun.o [1]
exit                    0x0800c1c7     0x6  Code  Gb  exit.o [3]
free                    0x0800b239    0x84  Code  Gb  xxmemxfree.o [3]
getDIPR                 0x08009337    0x60  Code  Gb  w5200.o [1]
getDPORT                0x08009397    0x3a  Code  Gb  w5200.o [1]
getGAR                  0x0800928f    0x26  Code  Gb  w5200.o [1]
getIINCHIP_RxBASE       0x08009063     0xa  Code  Gb  w5200.o [1]
getIINCHIP_RxMASK       0x0800904f     0xa  Code  Gb  w5200.o [1]
getIINCHIP_RxMAX        0x0800903b     0xa  Code  Gb  w5200.o [1]
getIINCHIP_TxBASE       0x0800906d     0xa  Code  Gb  w5200.o [1]
getIINCHIP_TxMASK       0x08009059     0xa  Code  Gb  w5200.o [1]
getIINCHIP_TxMAX        0x08009045     0xa  Code  Gb  w5200.o [1]
getSHAR                 0x080092db    0x36  Code  Gb  w5200.o [1]
getSIPR                 0x08009311    0x26  Code  Gb  w5200.o [1]
getSUBR                 0x080092b5    0x26  Code  Gb  w5200.o [1]
getSn_RX_RSR            0x08009473    0x7c  Code  Gb  w5200.o [1]
getSn_SR                0x080093df    0x18  Code  Gb  w5200.o [1]
getSn_TX_FSR            0x080093f7    0x7c  Code  Gb  w5200.o [1]
getchar_nonblk          0x08009ccb    0x4c  Code  Gb  wizplatform.o [1]
hdl_eset                0x08004311    0x40  Code  Lc  atcmd.o [1]
hdl_estat               0x08004351    0x40  Code  Lc  atcmd.o [1]
hdl_fdhcpd              0x08004205    0x40  Code  Lc  atcmd.o [1]
hdl_fdns                0x08004249    0x40  Code  Lc  atcmd.o [1]
hdl_fgpio               0x080042c9    0x40  Code  Lc  atcmd.o [1]
hdl_fping               0x08004289    0x40  Code  Lc  atcmd.o [1]
hdl_mevt                0x08003ed1   0x232  Code  Lc  atcmd.o [1]
hdl_mprof               0x08004183    0x40  Code  Lc  atcmd.o [1]
hdl_mrst                0x080041c3    0x42  Code  Lc  atcmd.o [1]
hdl_mset                0x080035e5   0x6b4  Code  Lc  atcmd.o [1]
hdl_mspi                0x08004143    0x40  Code  Lc  atcmd.o [1]
hdl_mstat               0x08003ca9   0x21a  Code  Lc  atcmd.o [1]
hdl_musart              0x08004103    0x40  Code  Lc  atcmd.o [1]
hdl_ncls                0x080028dd   0x262  Code  Lc  atcmd.o [1]
hdl_nmac                0x080020e5   0x208  Code  Lc  atcmd.o [1]
hdl_nopen               0x08002305   0x5c6  Code  Lc  atcmd.o [1]
hdl_nopt                0x08003533    0x90  Code  Lc  atcmd.o [1]
hdl_nrecv               0x08002fd5   0x33e  Code  Lc  atcmd.o [1]
hdl_nsend               0x08002b4d   0x47c  Code  Lc  atcmd.o [1]
hdl_nset                0x0800161d   0x8ce  Code  Lc  atcmd.o [1]
hdl_nsock               0x08003315   0x21e  Code  Lc  atcmd.o [1]
hdl_nstat               0x08001ef5   0x1e8  Code  Lc  atcmd.o [1]
htonl                   0x0800a23f     0x8  Code  Gb  sockutil.o [1]
htons                   0x0800a235     0xa  Code  Gb  sockutil.o [1]
incr_windowfull_retry_cnt
                        0x0800901d    0x14  Code  Gb  w5200.o [1]
init_windowfull_retry_cnt
                        0x08009031     0xa  Code  Gb  w5200.o [1]
ip_check                0x0800a09d    0x76  Code  Gb  sockutil.o [1]
isalpha                 0x0800c1b1     0x8  Code  Gb  atcmd.o [1]
isdigit                 0x0800bfc9    0x10  Code  Gb  atcmd.o [1]
isgraph                 0x0800be35    0x18  Code  Gb  atcmd.o [1]
isprint                 0x0800bb01    0x2a  Code  Gb  atcmd.o [1]
ispunct                 0x0800c1b9     0x8  Code  Gb  atcmd.o [1]
isxdigit                0x0800bc61    0x24  Code  Gb  sockutil.o [1]
local_port              0x200016f4     0x2  Data  Lc  socket.o [1]
mac_check               0x0800a15b    0x7a  Code  Gb  sockutil.o [1]
main                    0x0800b563    0x60  Code  Gb  main.o [1]
malloc                  0x0800b17d    0xb6  Code  Gb  xxmemxmalloc.o [3]
memchr                  0x0800b5c5          Code  Gb  memchr.o [4]
memcmp                  0x0800b501          Code  Gb  memcmp.o [4]
memcpy                  0x0800bfe7     0xe  Code  Gb  atcmd.o [1]
memset                  0x0800bee1    0x14  Code  Gb  atcmd.o [1]
msTicks                 0x20002d74     0x4  Data  Gb  wizplatform.o [1]
mtx                     0x20002c7c    0x10  Data  Lc  xsyslock.o [3]
mtxdst                  0x20002d80     0x4  Data  Lc  MtxWrapper.o [3]
mtxinit                 0x20002d7c     0x4  Data  Lc  MtxWrapper.o [3]
mtxlock                 0x20002d84     0x4  Data  Lc  MtxWrapper.o [3]
mtxunlock               0x20002d88     0x4  Data  Lc  MtxWrapper.o [3]
ndigs                   0x0800b674    0x28  Data  Lc  xstoul.o [3]
network_disp            0x08009e1f     0x8  Code  Gb  sockutil.o [1]
network_init            0x08009d81    0x9e  Code  Gb  sockutil.o [1]
next_abi_dtor_rec       0x200016f0     0x4  Data  Lc  cppinit.o [3]
ntohl                   0x0800a247     0x8  Code  Gb  sockutil.o [1]
platform_init           0x0800987d    0xc4  Code  Gb  wizplatform.o [1]
port_check              0x0800a113    0x48  Code  Gb  sockutil.o [1]
prevbuf                 0x20002b7c    0x28  Data  Lc  atcmd.o [1]
prevcnt                 0x20002d97     0x1  Data  Lc  atcmd.o [1]
previdx                 0x20002d96     0x1  Data  Lc  atcmd.o [1]
prevlen                 0x20002d90     0x2  Data  Lc  atcmd.o [1]
printf                  0x0800bd75    0x20  Code  Gb  printf.o [3]
putchar                 0x08009d17    0x20  Code  Gb  wizplatform.o [1]
recv_data_ignore        0x080096d3    0x6c  Code  Gb  w5200.o [1]
recv_data_processing    0x080095e1    0xf2  Code  Gb  w5200.o [1]
recv_handler            0x08007541   0x1aa  Code  Lc  dhcp.o [1]
recvnum                 0x20002d9a     0x1  Data  Lc  cmdrun.o [1]
recvord                 0x20002d3c     0x8  Data  Lc  cmdrun.o [1]
send_data_processing    0x080094ef    0xf2  Code  Gb  w5200.o [1]
send_discover           0x08007701   0x228  Code  Lc  dhcp.o [1]
send_request            0x08007939   0x276  Code  Lc  dhcp.o [1]
setGAR                  0x080091e7    0x26  Code  Gb  w5200.o [1]
setMR                   0x080093d1     0xe  Code  Gb  w5200.o [1]
setSHAR                 0x08009233    0x36  Code  Gb  w5200.o [1]
setSIPR                 0x08009269    0x26  Code  Gb  w5200.o [1]
setSUBR                 0x0800920d    0x26  Code  Gb  w5200.o [1]
sock_get                0x080043b1    0x36  Code  Lc  cmdrun.o [1]
sock_put                0x080043e7    0x6c  Code  Lc  cmdrun.o [1]
sockbusy                0x20002d34     0x8  Data  Lc  cmdrun.o [1]
sockport                0x20002c8c    0x10  Data  Lc  cmdrun.o [1]
sockstat                0x20002d2c     0x8  Data  Lc  cmdrun.o [1]
sockwatch_chk           0x08009eb5    0x1c  Code  Gb  sockutil.o [1]
sockwatch_close         0x08009e49    0x1e  Code  Gb  sockutil.o [1]
sockwatch_clr           0x08009e8d    0x28  Code  Gb  sockutil.o [1]
sockwatch_open          0x08009e27    0x22  Code  Gb  sockutil.o [1]
sockwatch_run           0x08009ed1   0x1cc  Code  Gb  sockutil.o [1]
sockwatch_set           0x08009e67    0x26  Code  Gb  sockutil.o [1]
sprintf                 0x0800b9e9    0x30  Code  Gb  sprintf.o [3]
storage                 0x20002c60    0x18  Data  Lc  dhcp.o [1]
str_check               0x0800a789    0x3c  Code  Gb  util.o [1]
strchr                  0x0800be4d          Code  Gb  strchr.o [4]
strcmp                  0x0800b82d          Code  Gb  strcmp.o [4]
strcpy                  0x0800b7e9          Code  Gb  strcpy.o [4]
strcspn                 0x0800bccb    0x22  Code  Gb  strcspn.o [3]
strlen                  0x0800b8e5          Code  Gb  strlen.o [4]
strsep                  0x0800a7c5    0x3c  Code  Gb  util.o [1]
strspn                  0x0800bced    0x22  Code  Gb  strspn.o [3]
strtok                  0x0800b6c5    0x4c  Code  Gb  strtok.o [3]
strtol                  0x0800b349    0x78  Code  Gb  strtol.o [3]
swapl                   0x0800a217    0x1e  Code  Gb  sockutil.o [1]
swaps                   0x0800a205    0x12  Code  Gb  sockutil.o [1]
syslock_o               0x20002c78     0x4  Data  Lc  xsyslock.o [3]
tcp_close_elapse        0x20002be8    0x20  Data  Lc  socket.o [1]
tcp_resend_elapse       0x20002c08    0x20  Data  Lc  socket.o [1]
tcpleft                 0x20002cac    0x10  Data  Lc  cmdrun.o [1]
termbuf                 0x20002b18    0x64  Data  Lc  atcmd.o [1]
toupper                 0x0800c1a9     0x8  Code  Gb  atcmd.o [1]
txrd_checker            0x20002cbc    0x10  Data  Lc  socket.o [1]
u1rx_buf                0x200029ec   0x12c  Data  Gb  wizplatform.o [1]
u1rx_rd                 0x20002d94     0x2  Data  Gb  wizplatform.o [1]
u1rx_wr                 0x20002d92     0x2  Data  Gb  wizplatform.o [1]
udpip                   0x20002bc8    0x20  Data  Lc  cmdrun.o [1]
udpport                 0x20002c9c    0x10  Data  Lc  cmdrun.o [1]
watch_cb                0x20002c28    0x20  Data  Lc  sockutil.o [1]
watch_sock              0x20002d44     0x8  Data  Lc  sockutil.o [1]
windowfull_retry_cnt    0x20002d4c     0x8  Data  Gb  w5200.o [1]
wizpf_get_systick       0x08009a55     0x8  Code  Gb  wizplatform.o [1]
wizpf_led_set           0x08009a83    0x4c  Code  Gb  wizplatform.o [1]
wizpf_led_trap          0x08009acf    0x54  Code  Gb  wizplatform.o [1]
wizpf_tick_conv         0x08009a5d    0x1a  Code  Gb  wizplatform.o [1]
wizpf_tick_elapse       0x08009a77     0xc  Code  Gb  wizplatform.o [1]
wizpf_uart_init         0x08009941   0x114  Code  Gb  wizplatform.o [1]
wizspi_byte             0x0800a603    0x48  Code  Gb  wizspi.o [1]
wizspi_cs               0x0800a5c7    0x3c  Code  Gb  wizspi.o [1]
wizspi_init             0x0800a499   0x12e  Code  Gb  wizspi.o [1]
workinfo                0x20002c48    0x18  Data  Lc  dhcp.o [1]


[1] = E:\_user\Desktop\Git\FWlib-dev\examples\Serial2Ethernet\EWARM-STM32F1xx\WIZ_W7200\Obj
[2] = command line
[3] = dl7M_tl_in.a
[4] = rt7M_tl.a
[5] = shb_l.a

  48 352 bytes of readonly  code memory
   1 512 bytes of readonly  data memory
  11 680 bytes of readwrite data memory

Errors: none
Warnings: none
