###############################################################################
#                                                                             #
# IAR ELF Linker V5.41.0.51741/W32 for ARM              10/Mar/2013  20:53:30 #
# Copyright (C) 2007-2009 IAR Systems AB.                                     #
#                                                                             #
#    Output file  =  E:\_user\Desktop\Git\FWlib-dev\examples\Serial2Ethernet\ #
#                    out-EWARM54-W7200EVB\Serial2Ethernet.out                 #
#    Map file     =  E:\_user\Desktop\Git\FWlib-dev\examples\Serial2Ethernet\ #
#                    out-EWARM54-W7200EVB\List\Serial2Ethernet.map            #
#    Command line =  E:\_user\Desktop\Git\FWlib-dev\examples\Serial2Ethernet\ #
#                    out-EWARM54-W7200EVB\Obj\atcmd.o                         #
#                    E:\_user\Desktop\Git\FWlib-dev\examples\Serial2Ethernet\ #
#                    out-EWARM54-W7200EVB\Obj\cmdrun.o                        #
#                    E:\_user\Desktop\Git\FWlib-dev\examples\Serial2Ethernet\ #
#                    out-EWARM54-W7200EVB\Obj\core_cm3.o                      #
#                    E:\_user\Desktop\Git\FWlib-dev\examples\Serial2Ethernet\ #
#                    out-EWARM54-W7200EVB\Obj\dhcp.o                          #
#                    E:\_user\Desktop\Git\FWlib-dev\examples\Serial2Ethernet\ #
#                    out-EWARM54-W7200EVB\Obj\dns.o                           #
#                    E:\_user\Desktop\Git\FWlib-dev\examples\Serial2Ethernet\ #
#                    out-EWARM54-W7200EVB\Obj\main.o                          #
#                    E:\_user\Desktop\Git\FWlib-dev\examples\Serial2Ethernet\ #
#                    out-EWARM54-W7200EVB\Obj\misc.o                          #
#                    E:\_user\Desktop\Git\FWlib-dev\examples\Serial2Ethernet\ #
#                    out-EWARM54-W7200EVB\Obj\socket.o                        #
#                    E:\_user\Desktop\Git\FWlib-dev\examples\Serial2Ethernet\ #
#                    out-EWARM54-W7200EVB\Obj\sockutil.o                      #
#                    E:\_user\Desktop\Git\FWlib-dev\examples\Serial2Ethernet\ #
#                    out-EWARM54-W7200EVB\Obj\startup_stm32f10x_md.o          #
#                    E:\_user\Desktop\Git\FWlib-dev\examples\Serial2Ethernet\ #
#                    out-EWARM54-W7200EVB\Obj\stm32f10x_flash.o               #
#                    E:\_user\Desktop\Git\FWlib-dev\examples\Serial2Ethernet\ #
#                    out-EWARM54-W7200EVB\Obj\stm32f10x_gpio.o                #
#                    E:\_user\Desktop\Git\FWlib-dev\examples\Serial2Ethernet\ #
#                    out-EWARM54-W7200EVB\Obj\stm32f10x_it.o                  #
#                    E:\_user\Desktop\Git\FWlib-dev\examples\Serial2Ethernet\ #
#                    out-EWARM54-W7200EVB\Obj\stm32f10x_rcc.o                 #
#                    E:\_user\Desktop\Git\FWlib-dev\examples\Serial2Ethernet\ #
#                    out-EWARM54-W7200EVB\Obj\stm32f10x_spi.o                 #
#                    E:\_user\Desktop\Git\FWlib-dev\examples\Serial2Ethernet\ #
#                    out-EWARM54-W7200EVB\Obj\stm32f10x_usart.o               #
#                    E:\_user\Desktop\Git\FWlib-dev\examples\Serial2Ethernet\ #
#                    out-EWARM54-W7200EVB\Obj\system_stm32f10x.o              #
#                    E:\_user\Desktop\Git\FWlib-dev\examples\Serial2Ethernet\ #
#                    out-EWARM54-W7200EVB\Obj\util.o                          #
#                    E:\_user\Desktop\Git\FWlib-dev\examples\Serial2Ethernet\ #
#                    out-EWARM54-W7200EVB\Obj\w5200.o                         #
#                    E:\_user\Desktop\Git\FWlib-dev\examples\Serial2Ethernet\ #
#                    out-EWARM54-W7200EVB\Obj\wizplatform.o                   #
#                    E:\_user\Desktop\Git\FWlib-dev\examples\Serial2Ethernet\ #
#                    out-EWARM54-W7200EVB\Obj\wizspi.o -o                     #
#                    E:\_user\Desktop\Git\FWlib-dev\examples\Serial2Ethernet\ #
#                    out-EWARM54-W7200EVB\Serial2Ethernet.out --map           #
#                    E:\_user\Desktop\Git\FWlib-dev\examples\Serial2Ethernet\ #
#                    out-EWARM54-W7200EVB\List\Serial2Ethernet.map --log      #
#                    initialization,modules,sections,veneers --log_file       #
#                    E:\_user\Desktop\Git\FWlib-dev\examples\Serial2Ethernet\ #
#                    out-EWARM54-W7200EVB\List\Serial2Ethernet.log --config   #
#                    E:\_user\Desktop\Git\FWlib-dev\examples\Serial2Ethernet\ #
#                    EWARM54\stm32f10x_flash_128k_S2E.icf --semihosting       #
#                    --entry __iar_program_start                              #
#                                                                             #
#                                                                             #
###############################################################################

*******************************************************************************
*** RUNTIME MODEL ATTRIBUTES
***

__endian      = little
__thumb_aware = enabled


*******************************************************************************
*** PLACEMENT SUMMARY
***

"A1":  place at 0x08000000 { ro section .intvec };
"P1":  place in [from 0x08000000 to 0x0801ffff] { ro };
"P2":  place in [from 0x20000000 to 0x20004fff] {
          rw, block CSTACK, block HEAP };

  Section            Kind        Address     Size  Object
  -------            ----        -------     ----  ------
"A1":                                        0xec
  .intvec            ro code  0x08000000     0xec  startup_stm32f10x_md.o [1]
                            - 0x080000ec     0xec

"P1":                                     0x10398
  .text              ro code  0x080000ec   0x448c  atcmd.o [1]
  .text              ro code  0x08004578   0x23e0  cmdrun.o [1]
  .text              ro code  0x08006958   0x19c0  socket.o [1]
  .text              ro code  0x08008318   0x177c  dhcp.o [1]
  .text              ro code  0x08009a94    0xcc2  xprintffull.o [3]
  .text              ro code  0x0800a758    0x7a2  sockutil.o [1]
  .text              ro code  0x0800aefc    0x752  core_cm3.o [1]
  .text              ro code  0x0800b650    0x74c  w5200.o [1]
  .text              ro code  0x0800bd9c    0x674  wizplatform.o [1]
  .text              ro code  0x0800c410    0x246  DblDiv.o [4]
  .text              ro code  0x0800c658    0x204  wizspi.o [1]
  .text              ro code  0x0800c85c    0x1f8  util.o [1]
  .text              ro code  0x0800ca54    0x1a2  DblMul.o [4]
  .text              ro code  0x0800cbf8    0x17e  DblSub.o [4]
  .text              ro code  0x0800cd78    0x158  system_stm32f10x.o [1]
  .text              ro code  0x0800ced0    0x12e  I64DivMod.o [4]
  .text              ro code  0x0800d000    0x118  xstoul.o [3]
  .text              ro code  0x0800d118    0x108  xdscale.o [3]
  .text              ro code  0x0800d220     0xe6  DblAdd.o [4]
  .text              ro code  0x0800d306     0xc6  xdnorm.o [3]
  .text              ro code  0x0800d3cc     0xbc  xxmemxmalloc.o [3]
  .text              ro code  0x0800d488     0xa4  main.o [1]
  .text              ro code  0x0800d52c     0x88  xxmemxfree.o [3]
  .text              ro code  0x0800d5b4     0x88  xsyslock.o [3]
  .text              ro code  0x0800d63c     0x78  strtol.o [3]
  .text              ro code  0x0800d6b4     0x70  ABImemcpy.o [4]
  .text              ro code  0x0800d724     0x68  cppinit.o [3]
  .text              ro code  0x0800d78c     0x66  ABImemset.o [4]
  .rodata            const    0x0800d7f4     0x64  cmdrun.o [1]
  .text              ro code  0x0800d858     0x62  memcmp.o [4]
  .text              ro code  0x0800d8bc     0x58  memchr.o [4]
  .text              ro code  0x0800d914     0x56  DblToI32.o [4]
  .rodata            const    0x0800d96c     0x50  xstoul.o [3]
  .rodata            const    0x0800d9bc     0x4c  atcmd.o [1]
  .rodata            const    0x0800da08     0x4c  cmdrun.o [1]
  .rodata            const    0x0800da54     0x4c  cmdrun.o [1]
  .rodata            const    0x0800daa0     0x4c  cmdrun.o [1]
  .rodata            const    0x0800daec     0x4c  cmdrun.o [1]
  .rodata            const    0x0800db38     0x4c  cmdrun.o [1]
  .rodata            const    0x0800db84     0x4c  cmdrun.o [1]
  .rodata            const    0x0800dbd0     0x4c  dhcp.o [1]
  .rodata            const    0x0800dc1c     0x4c  dhcp.o [1]
  .text              ro code  0x0800dc68     0x4c  strtok.o [3]
  .rodata            const    0x0800dcb4     0x48  cmdrun.o [1]
  .rodata            const    0x0800dcfc     0x48  cmdrun.o [1]
  .rodata            const    0x0800dd44     0x48  cmdrun.o [1]
  .text              ro code  0x0800dd8c     0x48  MtxWrapper.o [3]
  .rodata            const    0x0800ddd4     0x44  cmdrun.o [1]
  .text              ro code  0x0800de18     0x44  strcpy.o [4]
  .text              ro code  0x0800de5c     0x42  strcmp.o [4]
  .rodata            const    0x0800dea0     0x40  dhcp.o [1]
  .rodata            const    0x0800dee0     0x40  dhcp.o [1]
  .rodata            const    0x0800df20     0x40  dhcp.o [1]
  .rodata            const    0x0800df60     0x40  sockutil.o [1]
  .rodata            const    0x0800dfa0     0x3c  cmdrun.o [1]
  .rodata            const    0x0800dfdc     0x3c  cmdrun.o [1]
  .rodata            const    0x0800e018     0x3c  cmdrun.o [1]
  .rodata            const    0x0800e054     0x3c  dhcp.o [1]
  .rodata            const    0x0800e090     0x3c  dhcp.o [1]
  .rodata            const    0x0800e0cc     0x3c  dhcp.o [1]
  .rodata            const    0x0800e108     0x3c  dhcp.o [1]
  .rodata            const    0x0800e144     0x3c  dhcp.o [1]
  .rodata            const    0x0800e180     0x3c  dhcp.o [1]
  .rodata            const    0x0800e1bc     0x3c  socket.o [1]
  .rodata            const    0x0800e1f8     0x3c  socket.o [1]
  .rodata            const    0x0800e234     0x3c  socket.o [1]
  .rodata            const    0x0800e270     0x3c  socket.o [1]
  .rodata            const    0x0800e2ac     0x38  cmdrun.o [1]
  .rodata            const    0x0800e2e4     0x38  socket.o [1]
  .rodata            const    0x0800e31c     0x38  socket.o [1]
  .text              ro code  0x0800e354     0x38  ABImemset48.o [4]
  .text              ro code  0x0800e38c     0x36  strlen.o [4]
  .text              ro code  0x0800e3c2     0x36  stm32f10x_it.o [1]
  .rodata            const    0x0800e3f8     0x34  atcmd.o [1]
  .rodata            const    0x0800e42c     0x34  atcmd.o [1]
  .rodata            const    0x0800e460     0x34  cmdrun.o [1]
  .rodata            const    0x0800e494     0x34  cmdrun.o [1]
  .rodata            const    0x0800e4c8     0x34  cmdrun.o [1]
  .rodata            const    0x0800e4fc     0x34  cmdrun.o [1]
  .rodata            const    0x0800e530     0x34  cmdrun.o [1]
  .rodata            const    0x0800e564     0x34  dhcp.o [1]
  .rodata            const    0x0800e598     0x34  dhcp.o [1]
  .rodata            const    0x0800e5cc     0x34  dhcp.o [1]
  .rodata            const    0x0800e600     0x34  socket.o [1]
  .rodata            const    0x0800e634     0x34  sockutil.o [1]
  .rodata            const    0x0800e668     0x34  sockutil.o [1]
  .rodata            const    0x0800e69c     0x34  sockutil.o [1]
  .rodata            const    0x0800e6d0     0x34  sockutil.o [1]
  .rodata            const    0x0800e704     0x34  sockutil.o [1]
  .rodata            const    0x0800e738     0x34  sockutil.o [1]
  .rodata            const    0x0800e76c     0x30  cmdrun.o [1]
  .rodata            const    0x0800e79c     0x30  cmdrun.o [1]
  .rodata            const    0x0800e7cc     0x30  cmdrun.o [1]
  .rodata            const    0x0800e7fc     0x30  cmdrun.o [1]
  .rodata            const    0x0800e82c     0x30  cmdrun.o [1]
  .rodata            const    0x0800e85c     0x30  dhcp.o [1]
  .rodata            const    0x0800e88c     0x30  dhcp.o [1]
  .rodata            const    0x0800e8bc     0x30  dhcp.o [1]
  .rodata            const    0x0800e8ec     0x30  dhcp.o [1]
  .rodata            const    0x0800e91c     0x30  dhcp.o [1]
  .rodata            const    0x0800e94c     0x30  dhcp.o [1]
  .rodata            const    0x0800e97c     0x30  socket.o [1]
  .rodata            const    0x0800e9ac     0x30  socket.o [1]
  .rodata            const    0x0800e9dc     0x30  socket.o [1]
  .rodata            const    0x0800ea0c     0x30  socket.o [1]
  .rodata            const    0x0800ea3c     0x30  socket.o [1]
  .rodata            const    0x0800ea6c     0x30  sockutil.o [1]
  .rodata            const    0x0800ea9c     0x30  sockutil.o [1]
  .rodata            const    0x0800eacc     0x30  util.o [1]
  .rodata            const    0x0800eafc     0x30  wizplatform.o [1]
  .rodata            const    0x0800eb2c     0x30  wizspi.o [1]
  .text              ro code  0x0800eb5c     0x30  sprintf.o [3]
  .text              ro code  0x0800eb8c     0x2e  DblCmpLe.o [4]
  .text              ro code  0x0800ebbc     0x2e  DblCmpGe.o [4]
  .text              ro code  0x0800ebec     0x2e  I32ToDbl.o [4]
  .rodata            const    0x0800ec1c     0x2c  atcmd.o [1]
  .rodata            const    0x0800ec48     0x2c  cmdrun.o [1]
  .rodata            const    0x0800ec74     0x2c  cmdrun.o [1]
  .rodata            const    0x0800eca0     0x2c  dhcp.o [1]
  .rodata            const    0x0800eccc     0x2c  dhcp.o [1]
  .rodata            const    0x0800ecf8     0x2c  main.o [1]
  .rodata            const    0x0800ed24     0x2c  sockutil.o [1]
  .rodata            const    0x0800ed50     0x2c  sockutil.o [1]
  .rodata            const    0x0800ed7c     0x2c  sockutil.o [1]
  .rodata            const    0x0800eda8     0x2c  sockutil.o [1]
  .rodata            const    0x0800edd4     0x2c  sockutil.o [1]
  .rodata            const    0x0800ee00     0x2c  sockutil.o [1]
  .rodata            const    0x0800ee2c     0x2c  sockutil.o [1]
  .rodata            const    0x0800ee58     0x2c  wizplatform.o [1]
  .text              ro code  0x0800ee84     0x2a  atcmd.o [1]
  .rodata            const    0x0800eeb0     0x28  atcmd.o [1]
  .rodata            const    0x0800eed8     0x28  atcmd.o [1]
  .rodata            const    0x0800ef00     0x28  atcmd.o [1]
  .rodata            const    0x0800ef28     0x28  cmdrun.o [1]
  .rodata            const    0x0800ef50     0x28  cmdrun.o [1]
  .rodata            const    0x0800ef78     0x28  cmdrun.o [1]
  .rodata            const    0x0800efa0     0x28  cmdrun.o [1]
  .rodata            const    0x0800efc8     0x28  cmdrun.o [1]
  .rodata            const    0x0800eff0     0x28  cmdrun.o [1]
  .rodata            const    0x0800f018     0x28  cmdrun.o [1]
  .rodata            const    0x0800f040     0x28  cmdrun.o [1]
  .rodata            const    0x0800f068     0x28  dhcp.o [1]
  .rodata            const    0x0800f090     0x28  dhcp.o [1]
  .rodata            const    0x0800f0b8     0x28  dhcp.o [1]
  .rodata            const    0x0800f0e0     0x28  dhcp.o [1]
  .rodata            const    0x0800f108     0x28  dhcp.o [1]
  .rodata            const    0x0800f130     0x28  dhcp.o [1]
  .rodata            const    0x0800f158     0x28  dhcp.o [1]
  .rodata            const    0x0800f180     0x28  dhcp.o [1]
  .rodata            const    0x0800f1a8     0x28  main.o [1]
  .rodata            const    0x0800f1d0     0x28  main.o [1]
  .rodata            const    0x0800f1f8     0x28  socket.o [1]
  .rodata            const    0x0800f220     0x28  sockutil.o [1]
  .rodata            const    0x0800f248     0x28  sockutil.o [1]
  .rodata            const    0x0800f270     0x28  sockutil.o [1]
  .text              ro code  0x0800f298     0x28  xgetmemchunk.o [3]
  .text              ro code  0x0800f2c0     0x28  atcmd.o [1]
  .rodata            const    0x0800f2e8     0x24  atcmd.o [1]
  .rodata            const    0x0800f30c     0x24  atcmd.o [1]
  .rodata            const    0x0800f330     0x24  atcmd.o [1]
  .rodata            const    0x0800f354     0x24  cmdrun.o [1]
  .rodata            const    0x0800f378     0x24  cmdrun.o [1]
  .rodata            const    0x0800f39c     0x24  cmdrun.o [1]
  .rodata            const    0x0800f3c0     0x24  cmdrun.o [1]
  .rodata            const    0x0800f3e4     0x24  cmdrun.o [1]
  .rodata            const    0x0800f408     0x24  cmdrun.o [1]
  .rodata            const    0x0800f42c     0x24  cmdrun.o [1]
  .rodata            const    0x0800f450     0x24  cmdrun.o [1]
  .rodata            const    0x0800f474     0x24  cmdrun.o [1]
  .rodata            const    0x0800f498     0x24  dhcp.o [1]
  .rodata            const    0x0800f4bc     0x24  dhcp.o [1]
  .rodata            const    0x0800f4e0     0x24  dhcp.o [1]
  .rodata            const    0x0800f504     0x24  dhcp.o [1]
  .rodata            const    0x0800f528     0x24  dhcp.o [1]
  .rodata            const    0x0800f54c     0x24  dhcp.o [1]
  .rodata            const    0x0800f570     0x24  dhcp.o [1]
  .rodata            const    0x0800f594     0x24  dhcp.o [1]
  .rodata            const    0x0800f5b8     0x24  dhcp.o [1]
  .rodata            const    0x0800f5dc     0x24  dhcp.o [1]
  .rodata            const    0x0800f600     0x24  socket.o [1]
  .rodata            const    0x0800f624     0x24  socket.o [1]
  .rodata            const    0x0800f648     0x24  socket.o [1]
  .rodata            const    0x0800f66c     0x24  socket.o [1]
  .rodata            const    0x0800f690     0x24  util.o [1]
  .rodata            const    0x0800f6b4     0x24  w5200.o [1]
  .text              ro code  0x0800f6d8     0x24  sockutil.o [1]
  .text              ro code  0x0800f6fc     0x24  copy_init2.o [4]
  .text              ro code  0x0800f720     0x22  atcmd.o [1]
  .text              ro code  0x0800f742     0x22  strcspn.o [3]
  .text              ro code  0x0800f764     0x22  strspn.o [3]
  .iar.init_table    const    0x0800f788     0x24  - Linker created -
  .rodata            const    0x0800f7ac     0x20  atcmd.o [1]
  .rodata            const    0x0800f7cc     0x20  cmdrun.o [1]
  .rodata            const    0x0800f7ec     0x20  cmdrun.o [1]
  .rodata            const    0x0800f80c     0x20  dhcp.o [1]
  .rodata            const    0x0800f82c     0x20  dhcp.o [1]
  .rodata            const    0x0800f84c     0x20  dhcp.o [1]
  .rodata            const    0x0800f86c     0x20  socket.o [1]
  .rodata            const    0x0800f88c     0x20  socket.o [1]
  .rodata            const    0x0800f8ac     0x20  socket.o [1]
  .rodata            const    0x0800f8cc     0x20  socket.o [1]
  .rodata            const    0x0800f8ec     0x20  socket.o [1]
  .rodata            const    0x0800f90c     0x20  wizplatform.o [1]
  .text              ro code  0x0800f92c     0x20  printf.o [3]
  .text              ro code  0x0800f94c     0x20  data_init2.o [4]
  .rodata            const    0x0800f96c     0x1c  atcmd.o [1]
  .rodata            const    0x0800f988     0x1c  cmdrun.o [1]
  .rodata            const    0x0800f9a4     0x1c  cmdrun.o [1]
  .rodata            const    0x0800f9c0     0x1c  cmdrun.o [1]
  .rodata            const    0x0800f9dc     0x1c  cmdrun.o [1]
  .rodata            const    0x0800f9f8     0x1c  cmdrun.o [1]
  .rodata            const    0x0800fa14     0x1c  dhcp.o [1]
  .rodata            const    0x0800fa30     0x1c  dhcp.o [1]
  .rodata            const    0x0800fa4c     0x1c  dhcp.o [1]
  .rodata            const    0x0800fa68     0x1c  dhcp.o [1]
  .rodata            const    0x0800fa84     0x1c  socket.o [1]
  .rodata            const    0x0800faa0     0x1c  socket.o [1]
  .text              ro code  0x0800fabc     0x1c  iarwstd.o [5]
  .text              ro code  0x0800fad8     0x1a  xxmemxcalloc.o [3]
  .text              ro code  0x0800faf2     0x1a  zero_init2.o [4]
  .rodata            const    0x0800fb0c     0x18  atcmd.o [1]
  .rodata            const    0x0800fb24     0x18  cmdrun.o [1]
  .rodata            const    0x0800fb3c     0x18  cmdrun.o [1]
  .rodata            const    0x0800fb54     0x18  dhcp.o [1]
  .rodata            const    0x0800fb6c     0x18  socket.o [1]
  .rodata            const    0x0800fb84     0x18  w5200.o [1]
  .text              ro code  0x0800fb9c     0x18  cmain.o [4]
  .text              ro code  0x0800fbb4     0x18  atcmd.o [1]
  .text              ro code  0x0800fbcc     0x16  strchr.o [4]
  .text              ro code  0x0800fbe2     0x16  atcmd.o [1]
  .text              ro code  0x0800fbf8     0x16  xprout.o [3]
  .rodata            const    0x0800fc10     0x14  cmdrun.o [1]
  .rodata            const    0x0800fc24     0x14  cmdrun.o [1]
  .rodata            const    0x0800fc38     0x14  dhcp.o [1]
  .rodata            const    0x0800fc4c     0x14  dhcp.o [1]
  .rodata            const    0x0800fc60     0x14  dhcp.o [1]
  .rodata            const    0x0800fc74     0x14  socket.o [1]
  .rodata            const    0x0800fc88     0x14  socket.o [1]
  .rodata            const    0x0800fc9c     0x14  sockutil.o [1]
  .rodata            const    0x0800fcb0     0x14  sockutil.o [1]
  .rodata            const    0x0800fcc4     0x14  sockutil.o [1]
  .rodata            const    0x0800fcd8     0x14  sockutil.o [1]
  .rodata            const    0x0800fcec     0x14  sockutil.o [1]
  .text              ro code  0x0800fd00     0x14  errno.o [3]
  .text              ro code  0x0800fd14     0x14  exit.o [5]
  .text              ro code  0x0800fd28     0x14  atcmd.o [1]
  .text              ro code  0x0800fd3c     0x12  xxmemxmemzero.o [3]
  .rodata            const    0x0800fd50     0x10  atcmd.o [1]
  .rodata            const    0x0800fd60     0x10  atcmd.o [1]
  .rodata            const    0x0800fd70     0x10  atcmd.o [1]
  .rodata            const    0x0800fd80     0x10  atcmd.o [1]
  .rodata            const    0x0800fd90     0x10  atcmd.o [1]
  .rodata            const    0x0800fda0     0x10  cmdrun.o [1]
  .rodata            const    0x0800fdb0     0x10  cmdrun.o [1]
  .rodata            const    0x0800fdc0     0x10  cmdrun.o [1]
  .rodata            const    0x0800fdd0     0x10  cmdrun.o [1]
  .rodata            const    0x0800fde0     0x10  cmdrun.o [1]
  .rodata            const    0x0800fdf0     0x10  cmdrun.o [1]
  .rodata            const    0x0800fe00     0x10  dhcp.o [1]
  .rodata            const    0x0800fe10     0x10  dhcp.o [1]
  .rodata            const    0x0800fe20     0x10  dhcp.o [1]
  .rodata            const    0x0800fe30     0x10  dhcp.o [1]
  .rodata            const    0x0800fe40     0x10  dhcp.o [1]
  .rodata            const    0x0800fe50     0x10  dhcp.o [1]
  .rodata            const    0x0800fe60     0x10  dhcp.o [1]
  .rodata            const    0x0800fe70     0x10  dhcp.o [1]
  .rodata            const    0x0800fe80     0x10  socket.o [1]
  .rodata            const    0x0800fe90     0x10  socket.o [1]
  .rodata            const    0x0800fea0     0x10  socket.o [1]
  .rodata            const    0x0800feb0     0x10  socket.o [1]
  .rodata            const    0x0800fec0     0x10  socket.o [1]
  .rodata            const    0x0800fed0     0x10  sockutil.o [1]
  .rodata            const    0x0800fee0     0x10  sockutil.o [1]
  .rodata            const    0x0800fef0     0x10  sockutil.o [1]
  .rodata            const    0x0800ff00     0x10  sockutil.o [1]
  .rodata            const    0x0800ff10     0x10  sockutil.o [1]
  .rodata            const    0x0800ff20     0x10  sockutil.o [1]
  .rodata            const    0x0800ff30     0x10  sockutil.o [1]
  .rodata            const    0x0800ff40     0x10  sockutil.o [1]
  .rodata            const    0x0800ff50     0x10  wizplatform.o [1]
  .rodata            const    0x0800ff60     0x10  wizplatform.o [1]
  .text              ro code  0x0800ff70     0x10  startup_stm32f10x_md.o [1]
  .text              ro code  0x0800ff80     0x10  atcmd.o [1]
  .text              ro code  0x0800ff90     0x10  atcmd.o [1]
  .text              ro code  0x0800ffa0     0x10  atcmd.o [1]
  .text              ro code  0x0800ffb0      0xe  cexit.o [4]
  .text              ro code  0x0800ffbe      0xe  atcmd.o [1]
  .text              ro code  0x0800ffcc      0xe  div.o [3]
  .rodata            const    0x0800ffdc      0xc  atcmd.o [1]
  .rodata            const    0x0800ffe8      0xc  atcmd.o [1]
  .rodata            const    0x0800fff4      0xc  atcmd.o [1]
  .rodata            const    0x08010000      0xc  atcmd.o [1]
  .rodata            const    0x0801000c      0xc  atcmd.o [1]
  .rodata            const    0x08010018      0xc  atcmd.o [1]
  .rodata            const    0x08010024      0xc  atcmd.o [1]
  .rodata            const    0x08010030      0xc  atcmd.o [1]
  .rodata            const    0x0801003c      0xc  atcmd.o [1]
  .rodata            const    0x08010048      0xc  atcmd.o [1]
  .rodata            const    0x08010054      0xc  atcmd.o [1]
  .rodata            const    0x08010060      0xc  atcmd.o [1]
  .rodata            const    0x0801006c      0xc  atcmd.o [1]
  .rodata            const    0x08010078      0xc  atcmd.o [1]
  .rodata            const    0x08010084      0xc  atcmd.o [1]
  .rodata            const    0x08010090      0xc  cmdrun.o [1]
  .rodata            const    0x0801009c      0xc  cmdrun.o [1]
  .rodata            const    0x080100a8      0xc  cmdrun.o [1]
  .rodata            const    0x080100b4      0xc  cmdrun.o [1]
  .rodata            const    0x080100c0      0xc  cmdrun.o [1]
  .rodata            const    0x080100cc      0xc  cmdrun.o [1]
  .rodata            const    0x080100d8      0xc  cmdrun.o [1]
  .rodata            const    0x080100e4      0xc  cmdrun.o [1]
  .rodata            const    0x080100f0      0xc  cmdrun.o [1]
  .rodata            const    0x080100fc      0xc  cmdrun.o [1]
  .rodata            const    0x08010108      0xc  cmdrun.o [1]
  .rodata            const    0x08010114      0xc  cmdrun.o [1]
  .rodata            const    0x08010120      0xc  cmdrun.o [1]
  .rodata            const    0x0801012c      0xc  cmdrun.o [1]
  .rodata            const    0x08010138      0xc  cmdrun.o [1]
  .rodata            const    0x08010144      0xc  cmdrun.o [1]
  .rodata            const    0x08010150      0xc  cmdrun.o [1]
  .rodata            const    0x0801015c      0xc  cmdrun.o [1]
  .rodata            const    0x08010168      0xc  cmdrun.o [1]
  .rodata            const    0x08010174      0xc  cmdrun.o [1]
  .rodata            const    0x08010180      0xc  dhcp.o [1]
  .rodata            const    0x0801018c      0xc  dhcp.o [1]
  .rodata            const    0x08010198      0xc  dhcp.o [1]
  .rodata            const    0x080101a4      0xc  socket.o [1]
  .rodata            const    0x080101b0      0xc  socket.o [1]
  .rodata            const    0x080101bc      0xc  socket.o [1]
  .rodata            const    0x080101c8      0xc  socket.o [1]
  .rodata            const    0x080101d4      0xc  socket.o [1]
  .rodata            const    0x080101e0      0xc  socket.o [1]
  .rodata            const    0x080101ec      0xc  socket.o [1]
  .rodata            const    0x080101f8      0xc  socket.o [1]
  .rodata            const    0x08010204      0xc  socket.o [1]
  .rodata            const    0x08010210      0xc  socket.o [1]
  .rodata            const    0x0801021c      0xc  socket.o [1]
  .rodata            const    0x08010228      0xc  sockutil.o [1]
  .rodata            const    0x08010234      0xc  sockutil.o [1]
  .rodata            const    0x08010240      0xc  util.o [1]
  .rodata            const    0x0801024c      0xc  util.o [1]
  .rodata            const    0x08010258      0xc  wizspi.o [1]
  .rodata            const    0x08010264      0xc  wizspi.o [1]
  .rodata            const    0x08010270      0xc  wizspi.o [1]
  .text              ro code  0x0801027c      0xc  atcmd.o [1]
  .text              ro code  0x08010288      0xa  xsprout.o [3]
  .rodata            const    0x08010294      0x8  atcmd.o [1]
  .rodata            const    0x0801029c      0x8  atcmd.o [1]
  .rodata            const    0x080102a4      0x8  atcmd.o [1]
  .rodata            const    0x080102ac      0x8  atcmd.o [1]
  .rodata            const    0x080102b4      0x8  atcmd.o [1]
  .rodata            const    0x080102bc      0x8  atcmd.o [1]
  .rodata            const    0x080102c4      0x8  atcmd.o [1]
  .rodata            const    0x080102cc      0x8  atcmd.o [1]
  .rodata            const    0x080102d4      0x8  atcmd.o [1]
  .rodata            const    0x080102dc      0x8  atcmd.o [1]
  .rodata            const    0x080102e4      0x8  atcmd.o [1]
  .rodata            const    0x080102ec      0x8  atcmd.o [1]
  .rodata            const    0x080102f4      0x8  atcmd.o [1]
  .rodata            const    0x080102fc      0x8  atcmd.o [1]
  .rodata            const    0x08010304      0x8  cmdrun.o [1]
  .rodata            const    0x0801030c      0x8  dhcp.o [1]
  .rodata            const    0x08010314      0x8  main.o [1]
  .rodata            const    0x0801031c      0x8  main.o [1]
  .rodata            const    0x08010324      0x8  socket.o [1]
  .rodata            const    0x0801032c      0x8  socket.o [1]
  .rodata            const    0x08010334      0x8  socket.o [1]
  .rodata            const    0x0801033c      0x8  sockutil.o [1]
  .rodata            const    0x08010344      0x8  sockutil.o [1]
  .rodata            const    0x0801034c      0x8  wizplatform.o [1]
  .rodata            const    0x08010354      0x8  wizplatform.o [1]
  .rodata            const    0x0801035c      0x8  xprintffull.o [3]
  .text              ro code  0x08010364      0x8  atcmd.o [1]
  .text              ro code  0x0801036c      0x8  atcmd.o [1]
  .text              ro code  0x08010374      0x8  atcmd.o [1]
  .text              ro code  0x0801037c      0x6  ABImemclr4.o [4]
  .text              ro code  0x08010382      0x6  exit.o [3]
  .text              ro code  0x08010388      0x2  I64DivZer.o [4]
  .text              ro code  0x0801038a      0x4  startup_stm32f10x_md.o [1]
  .text              ro code  0x0801038e      0x4  startup_stm32f10x_md.o [1]
  .text              ro code  0x08010392      0x4  startup_stm32f10x_md.o [1]
  .text              ro code  0x08010396      0x4  startup_stm32f10x_md.o [1]
  .text              ro code  0x0801039a      0x4  startup_stm32f10x_md.o [1]
  .text              ro code  0x0801039e      0x4  startup_stm32f10x_md.o [1]
  .text              ro code  0x080103a2      0x4  startup_stm32f10x_md.o [1]
  .text              ro code  0x080103a6      0x4  startup_stm32f10x_md.o [1]
  .text              ro code  0x080103aa      0x4  startup_stm32f10x_md.o [1]
  .text              ro code  0x080103ae      0x4  startup_stm32f10x_md.o [1]
  .text              ro code  0x080103b2      0x4  startup_stm32f10x_md.o [1]
  .text              ro code  0x080103b6      0x4  startup_stm32f10x_md.o [1]
  .text              ro code  0x080103ba      0x4  startup_stm32f10x_md.o [1]
  .text              ro code  0x080103be      0x4  startup_stm32f10x_md.o [1]
  .text              ro code  0x080103c2      0x4  startup_stm32f10x_md.o [1]
  .text              ro code  0x080103c6      0x4  startup_stm32f10x_md.o [1]
  .text              ro code  0x080103ca      0x4  startup_stm32f10x_md.o [1]
  .text              ro code  0x080103ce      0x4  startup_stm32f10x_md.o [1]
  .text              ro code  0x080103d2      0x4  startup_stm32f10x_md.o [1]
  .text              ro code  0x080103d6      0x4  startup_stm32f10x_md.o [1]
  .text              ro code  0x080103da      0x4  startup_stm32f10x_md.o [1]
  .text              ro code  0x080103de      0x4  startup_stm32f10x_md.o [1]
  .text              ro code  0x080103e2      0x4  startup_stm32f10x_md.o [1]
  .text              ro code  0x080103e6      0x4  startup_stm32f10x_md.o [1]
  .text              ro code  0x080103ea      0x4  startup_stm32f10x_md.o [1]
  .text              ro code  0x080103ee      0x4  startup_stm32f10x_md.o [1]
  .text              ro code  0x080103f2      0x4  startup_stm32f10x_md.o [1]
  .text              ro code  0x080103f6      0x4  startup_stm32f10x_md.o [1]
  .text              ro code  0x080103fa      0x4  startup_stm32f10x_md.o [1]
  .text              ro code  0x080103fe      0x4  startup_stm32f10x_md.o [1]
  .text              ro code  0x08010402      0x4  startup_stm32f10x_md.o [1]
  .text              ro code  0x08010406      0x4  startup_stm32f10x_md.o [1]
  .text              ro code  0x0801040a      0x4  startup_stm32f10x_md.o [1]
  .text              ro code  0x0801040e      0x4  startup_stm32f10x_md.o [1]
  .text              ro code  0x08010412      0x4  startup_stm32f10x_md.o [1]
  .text              ro code  0x08010416      0x4  startup_stm32f10x_md.o [1]
  .text              ro code  0x0801041a      0x4  startup_stm32f10x_md.o [1]
  .text              ro code  0x0801041e      0x4  startup_stm32f10x_md.o [1]
  .text              ro code  0x08010422      0x4  startup_stm32f10x_md.o [1]
  .text              ro code  0x08010426      0x4  startup_stm32f10x_md.o [1]
  .text              ro code  0x0801042a      0x4  startup_stm32f10x_md.o [1]
  .text              ro code  0x0801042e      0x4  startup_stm32f10x_md.o [1]
  .text              ro code  0x08010432      0x4  startup_stm32f10x_md.o [1]
  .text              ro code  0x08010436      0x4  startup_stm32f10x_md.o [1]
  .text              ro code  0x0801043a      0x4  startup_stm32f10x_md.o [1]
  .text              ro code  0x0801043e      0x4  startup_stm32f10x_md.o [1]
  .text              ro code  0x08010442      0x4  startup_stm32f10x_md.o [1]
  .text              ro code  0x08010446      0x4  startup_stm32f10x_md.o [1]
  .text              ro code  0x0801044a      0x4  startup_stm32f10x_md.o [1]
  .text              ro code  0x0801044e      0x4  startup_stm32f10x_md.o [1]
  .text              ro code  0x08010452      0x4  startup_stm32f10x_md.o [1]
  .text              ro code  0x08010456      0x4  startup_stm32f10x_md.o [1]
  .text              ro code  0x0801045a      0x4  low_level_init.o [3]
  .rodata            const    0x0801045e      0x1  strtok.o [3]
  Initializer bytes  ro data  0x08010460     0x24  <for P2 s0>
                            - 0x08010484  0x10398

"P2", part 1 of 3:                         0x16d4
  CSTACK                      0x20000000   0x1000  <Block>
    CSTACK           uninit   0x20000000   0x1000  <Block tail>
  HEAP                        0x20001000    0x500  <Block>
    HEAP             uninit   0x20001000    0x500  <Block tail>
  .iar.dynexit                0x20001500    0x1d4  <Block>
    .iar.dynexit     uninit   0x20001500      0xc  cppinit.o [3]
    .iar.dynexit     uninit   0x2000150c    0x1c8  <Block tail>
                            - 0x200016d4   0x16d4

"P2", part 2 of 3:                           0x24
  P2 s0                       0x200016d4     0x24  <Init block>
    .data            inited   0x200016d4     0x10  core_cm3.o [1]
    .data            inited   0x200016e4      0x4  core_cm3.o [1]
    .data            inited   0x200016e8      0x4  system_stm32f10x.o [1]
    .data            inited   0x200016ec      0x4  strtok.o [3]
    .data            inited   0x200016f0      0x4  cppinit.o [3]
    .data            inited   0x200016f4      0x2  socket.o [1]
    .data            inited   0x200016f6      0x1  atcmd.o [1]
    .data            inited   0x200016f7      0x1  socket.o [1]
                            - 0x200016f8     0x24

"P2", part 3 of 3:                         0x16a8
  .bss               zero     0x200016f8   0x10cc  atcmd.o [1]
  .bss               zero     0x200027c4    0x224  dhcp.o [1]
  .bss               zero     0x200029e8    0x12c  wizplatform.o [1]
  .bss               zero     0x20002b14     0x64  atcmd.o [1]
  .bss               zero     0x20002b78     0x28  atcmd.o [1]
  .bss               zero     0x20002ba0     0x24  dhcp.o [1]
  .bss               zero     0x20002bc4     0x20  cmdrun.o [1]
  .bss               zero     0x20002be4     0x20  socket.o [1]
  .bss               zero     0x20002c04     0x20  socket.o [1]
  .bss               zero     0x20002c24     0x20  sockutil.o [1]
  .bss               zero     0x20002c44     0x18  dhcp.o [1]
  .bss               zero     0x20002c5c     0x18  dhcp.o [1]
  .bss               zero     0x20002c74     0x14  xsyslock.o [3]
  .bss               zero     0x20002c88     0x10  cmdrun.o [1]
  .bss               zero     0x20002c98     0x10  cmdrun.o [1]
  .bss               zero     0x20002ca8     0x10  cmdrun.o [1]
  .bss               zero     0x20002cb8     0x10  socket.o [1]
  .bss               zero     0x20002cc8     0x10  w5200.o [1]
  .bss               zero     0x20002cd8     0x10  w5200.o [1]
  .bss               zero     0x20002ce8     0x10  w5200.o [1]
  .bss               zero     0x20002cf8     0x10  w5200.o [1]
  .bss               zero     0x20002d08     0x10  w5200.o [1]
  .bss               zero     0x20002d18     0x10  w5200.o [1]
  .bss               zero     0x20002d28      0x8  cmdrun.o [1]
  .bss               zero     0x20002d30      0x8  cmdrun.o [1]
  .bss               zero     0x20002d38      0x8  cmdrun.o [1]
  .bss               zero     0x20002d40      0x8  sockutil.o [1]
  .bss               zero     0x20002d48      0x8  w5200.o [1]
  .bss               zero     0x20002d50      0x8  xxmemxmalloc.o [3]
  .bss               zero     0x20002d58      0x8  errno.o [3]
  .bss               zero     0x20002d60      0x4  cmdrun.o [1]
  .bss               zero     0x20002d64      0x4  dhcp.o [1]
  .bss               zero     0x20002d68      0x4  main.o [1]
  .bss               zero     0x20002d6c      0x4  socket.o [1]
  .bss               zero     0x20002d70      0x4  util.o [1]
  .bss               zero     0x20002d74      0x4  wizplatform.o [1]
  .bss               zero     0x20002d78      0x4  xgetmemchunk.o [3]
  .bss               zero     0x20002d7c      0x4  MtxWrapper.o [3]
  .bss               zero     0x20002d80      0x4  MtxWrapper.o [3]
  .bss               zero     0x20002d84      0x4  MtxWrapper.o [3]
  .bss               zero     0x20002d88      0x4  MtxWrapper.o [3]
  .bss               zero     0x20002d8c      0x4  iarwstd.o [5]
  .bss               zero     0x20002d90      0x2  atcmd.o [1]
  .bss               zero     0x20002d92      0x2  wizplatform.o [1]
  .bss               zero     0x20002d94      0x2  wizplatform.o [1]
  .bss               zero     0x20002d96      0x1  atcmd.o [1]
  .bss               zero     0x20002d97      0x1  atcmd.o [1]
  .bss               zero     0x20002d98      0x1  atcmd.o [1]
  .bss               zero     0x20002d99      0x1  atcmd.o [1]
  .bss               zero     0x20002d9a      0x1  cmdrun.o [1]
  .bss               zero     0x20002d9b      0x1  cmdrun.o [1]
  .bss               zero     0x20002d9c      0x1  dhcp.o [1]
  .bss               zero     0x20002d9d      0x1  dhcp.o [1]
  .bss               zero     0x20002d9e      0x1  dhcp.o [1]
  .bss               zero     0x20002d9f      0x1  dhcp.o [1]
                            - 0x20002da0   0x16a8


*******************************************************************************
*** INIT TABLE
***

          Address     Size
          -------     ----
Zero (__iar_zero_init2)
    1 destination range, total size 0x16a8:
          0x200016f8  0x16a8

Copy (__iar_copy_init2)
    1 source range, total size 0x24 (100% of destination):
          0x08010460    0x24
    1 destination range, total size 0x24:
          0x200016d4    0x24


*******************************************************************************
*** MODULE SUMMARY
***

    Module                  ro code  ro data  rw data
    ------                  -------  -------  -------
E:\_user\Desktop\Git\FWlib-dev\examples\Serial2Ethernet\out-EWARM54-W7200EVB\Obj: [1]
    atcmd.o                  17 828      909    4 447
    cmdrun.o                  9 184    2 944      110
    core_cm3.o                1 874       20       20
    dhcp.o                    6 012    2 380      640
    main.o                      164      140        4
    socket.o                  6 592    1 347       87
    sockutil.o                1 990    1 168       40
    startup_stm32f10x_md.o      460
    stm32f10x_it.o               54
    system_stm32f10x.o          344        4        4
    util.o                      504      108        4
    w5200.o                   1 868       60      104
    wizplatform.o             1 652      172      308
    wizspi.o                    516       84
    -------------------------------------------------
    Total:                   49 042    9 336    5 768

command line: [2]
    -------------------------------------------------
    Total:

dl7M_tl_in.a: [3]
    MtxWrapper.o                 72                16
    cppinit.o                   104        4       16
    div.o                        14
    errno.o                      20                 8
    exit.o                        6
    low_level_init.o              4
    printf.o                     32
    sprintf.o                    48
    strcspn.o                    34
    strspn.o                     34
    strtok.o                     76        5        4
    strtol.o                    120
    xdnorm.o                    198
    xdscale.o                   264
    xgetmemchunk.o               40                 4
    xprintffull.o             3 266        8
    xprout.o                     22
    xsprout.o                    10
    xstoul.o                    280       80
    xsyslock.o                  136                20
    xxmemxcalloc.o               26
    xxmemxfree.o                136
    xxmemxmalloc.o              188                 8
    xxmemxmemzero.o              18
    -------------------------------------------------
    Total:                    5 148       97       76

rt7M_tl.a: [4]
    ABImemclr4.o                  6
    ABImemcpy.o                 112
    ABImemset.o                 102
    ABImemset48.o                56
    DblAdd.o                    230
    DblCmpGe.o                   46
    DblCmpLe.o                   46
    DblDiv.o                    582
    DblMul.o                    418
    DblSub.o                    382
    DblToI32.o                   86
    I32ToDbl.o                   46
    I64DivMod.o                 302
    I64DivZer.o                   2
    cexit.o                      14
    cmain.o                      24
    copy_init2.o                 36
    data_init2.o                 32
    memchr.o                     88
    memcmp.o                     98
    strchr.o                     22
    strcmp.o                     66
    strcpy.o                     68
    strlen.o                     54
    zero_init2.o                 26
    -------------------------------------------------
    Total:                    2 944

shb_l.a: [5]
    exit.o                       20
    iarwstd.o                    28                 4
    -------------------------------------------------
    Total:                       48                 4

    Gaps                         20       20
    Linker created                        37    5 832
-----------------------------------------------------
    Grand Total:             57 202    9 490   11 680


*******************************************************************************
*** ENTRY LIST
***

Entry                      Address    Size  Type      Object
-----                      -------    ----  ----      ------
.iar.dynexit$$Base      0x20001500           --   Gb  - Linker created -
.iar.dynexit$$Limit     0x200016d4           --   Gb  - Linker created -
ADC1_2_IRQHandler       0x080103f7          Code  Wk  startup_stm32f10x_md.o [1]
BusFault_Handler        0x0800e3d9     0xa  Code  Gb  stm32f10x_it.o [1]
CAN1_RX1_IRQHandler     0x08010403          Code  Wk  startup_stm32f10x_md.o [1]
CAN1_SCE_IRQHandler     0x08010407          Code  Wk  startup_stm32f10x_md.o [1]
CSTACK$$Base            0x20000000           --   Gb  - Linker created -
CSTACK$$Limit           0x20001000           --   Gb  - Linker created -
ClsNetInfo              0x08006d2b    0x7a  Code  Gb  socket.o [1]
DHCP                    0x200016f7     0x1  Data  Lc  socket.o [1]
DMA1_Channel1_IRQHandler
                        0x080103db          Code  Wk  startup_stm32f10x_md.o [1]
DMA1_Channel2_IRQHandler
                        0x080103df          Code  Wk  startup_stm32f10x_md.o [1]
DMA1_Channel3_IRQHandler
                        0x080103e3          Code  Wk  startup_stm32f10x_md.o [1]
DMA1_Channel4_IRQHandler
                        0x080103e7          Code  Wk  startup_stm32f10x_md.o [1]
DMA1_Channel5_IRQHandler
                        0x080103eb          Code  Wk  startup_stm32f10x_md.o [1]
DMA1_Channel6_IRQHandler
                        0x080103ef          Code  Wk  startup_stm32f10x_md.o [1]
DMA1_Channel7_IRQHandler
                        0x080103f3          Code  Wk  startup_stm32f10x_md.o [1]
DNS                     0x20002d6c     0x4  Data  Lc  socket.o [1]
DebugMon_Handler        0x0800e3ef     0x2  Code  Gb  stm32f10x_it.o [1]
Delay_ms                0x0800c30f    0x2c  Code  Gb  wizplatform.o [1]
Delay_tick              0x0800c33b    0x10  Code  Gb  wizplatform.o [1]
Delay_us                0x0800c2e9    0x26  Code  Gb  wizplatform.o [1]
DtorRecArray            0x20001500     0xc  Data  Lc  cppinit.o [3]
EXTI0_IRQHandler        0x080103c7          Code  Wk  startup_stm32f10x_md.o [1]
EXTI15_10_IRQHandler    0x0801044f          Code  Wk  startup_stm32f10x_md.o [1]
EXTI1_IRQHandler        0x080103cb          Code  Wk  startup_stm32f10x_md.o [1]
EXTI2_IRQHandler        0x080103cf          Code  Wk  startup_stm32f10x_md.o [1]
EXTI3_IRQHandler        0x080103d3          Code  Wk  startup_stm32f10x_md.o [1]
EXTI4_IRQHandler        0x080103d7          Code  Wk  startup_stm32f10x_md.o [1]
EXTI9_5_IRQHandler      0x0801040b          Code  Wk  startup_stm32f10x_md.o [1]
FLASH_IRQHandler        0x080103bf          Code  Wk  startup_stm32f10x_md.o [1]
FLASH_PrefetchBufferCmd
                        0x0800afa1    0x1c  Code  Gb  core_cm3.o [1]
FLASH_SetLatency        0x0800af89    0x18  Code  Gb  core_cm3.o [1]
GPIO_Configuration      0x0800c1c7    0x8e  Code  Gb  wizplatform.o [1]
GPIO_Init               0x0800afbd    0xcc  Code  Gb  core_cm3.o [1]
GPIO_ResetBits          0x0800b09f     0x6  Code  Gb  core_cm3.o [1]
GPIO_SetBits            0x0800b099     0x6  Code  Gb  core_cm3.o [1]
GPIO_StructInit         0x0800b089    0x10  Code  Gb  core_cm3.o [1]
GetDstInfo              0x08006def    0x1a  Code  Gb  socket.o [1]
GetNetInfo              0x08006da5    0x4a  Code  Gb  socket.o [1]
GetSocketRxRecvBufferSize
                        0x08006e69     0xa  Code  Gb  socket.o [1]
GetSocketTxFreeBufferSize
                        0x08006e5f     0xa  Code  Gb  socket.o [1]
GetUDPSocketStatus      0x08006e09    0x56  Code  Gb  socket.o [1]
HEAP$$Base              0x20001000           --   Gb  - Linker created -
HEAP$$Limit             0x20001500           --   Gb  - Linker created -
HardFault_Handler       0x0800e3c5     0xa  Code  Gb  stm32f10x_it.o [1]
I2C1_ER_IRQHandler      0x0801042f          Code  Wk  startup_stm32f10x_md.o [1]
I2C1_EV_IRQHandler      0x0801042b          Code  Wk  startup_stm32f10x_md.o [1]
I2C2_ER_IRQHandler      0x08010437          Code  Wk  startup_stm32f10x_md.o [1]
I2C2_EV_IRQHandler      0x08010433          Code  Wk  startup_stm32f10x_md.o [1]
IINCHIP_CSoff           0x0800b6bd     0xc  Code  Gb  w5200.o [1]
IINCHIP_CSon            0x0800b6c9     0xc  Code  Gb  w5200.o [1]
IINCHIP_READ            0x0800b71b    0x38  Code  Gb  w5200.o [1]
IINCHIP_READ_BLOCK      0x0800b7b7    0x58  Code  Gb  w5200.o [1]
IINCHIP_SpiSendData     0x0800b6d5     0xe  Code  Gb  w5200.o [1]
IINCHIP_WRITE           0x0800b6e3    0x38  Code  Gb  w5200.o [1]
IINCHIP_WRITE_BLOCK     0x0800b753    0x64  Code  Gb  w5200.o [1]
MemManage_Handler       0x0800e3cf     0xa  Code  Gb  stm32f10x_it.o [1]
NMI_Handler             0x0800e3c3     0x2  Code  Gb  stm32f10x_it.o [1]
NVIC_Configuration      0x0800c2d1    0x16  Code  Gb  wizplatform.o [1]
NVIC_Init               0x0800af0b    0x6e  Code  Gb  core_cm3.o [1]
NVIC_PriorityGroupConfig
                        0x0800aefd     0xe  Code  Gb  core_cm3.o [1]
NVIC_SetPriority        0x0800bd9d    0x26  Code  Lc  wizplatform.o [1]
NVIC_SetVectorTable     0x0800af79    0x10  Code  Gb  core_cm3.o [1]
NVIC_SystemReset        0x080000ed    0x1c  Code  Lc  atcmd.o [1]
PVD_IRQHandler          0x080103b3          Code  Wk  startup_stm32f10x_md.o [1]
PendSV_Handler          0x0800e3f1     0x2  Code  Gb  stm32f10x_it.o [1]
RBUFBASEADDRESS         0x20002d18    0x10  Data  Gb  w5200.o [1]
RCC_APB1PeriphClockCmd  0x0800b34d    0x28  Code  Gb  core_cm3.o [1]
RCC_APB2PeriphClockCmd  0x0800b325    0x28  Code  Gb  core_cm3.o [1]
RCC_Configuration       0x0800c255    0x7c  Code  Gb  wizplatform.o [1]
RCC_DeInit              0x0800b0a5    0x5c  Code  Gb  core_cm3.o [1]
RCC_GetClocksFreq       0x0800b241    0xe4  Code  Gb  core_cm3.o [1]
RCC_GetFlagStatus       0x0800b375    0x4a  Code  Gb  core_cm3.o [1]
RCC_GetSYSCLKSource     0x0800b1dd     0xc  Code  Gb  core_cm3.o [1]
RCC_HCLKConfig          0x0800b1e9    0x18  Code  Gb  core_cm3.o [1]
RCC_HSEConfig           0x0800b109    0x4c  Code  Gb  core_cm3.o [1]
RCC_IRQHandler          0x080103c3          Code  Wk  startup_stm32f10x_md.o [1]
RCC_PCLK1Config         0x0800b201    0x18  Code  Gb  core_cm3.o [1]
RCC_PCLK2Config         0x0800b219    0x1a  Code  Gb  core_cm3.o [1]
RCC_PLLCmd              0x0800b1bb     0xa  Code  Gb  core_cm3.o [1]
RCC_PLLConfig           0x0800b1a1    0x1a  Code  Gb  core_cm3.o [1]
RCC_SYSCLKConfig        0x0800b1c5    0x18  Code  Gb  core_cm3.o [1]
RCC_WaitForHSEStartUp   0x0800b161    0x3a  Code  Gb  core_cm3.o [1]
RMASK                   0x20002cd8    0x10  Data  Gb  w5200.o [1]
RSIZE                   0x20002cf8    0x10  Data  Gb  w5200.o [1]
RTCAlarm_IRQHandler     0x08010453          Code  Wk  startup_stm32f10x_md.o [1]
RTC_IRQHandler          0x080103bb          Code  Wk  startup_stm32f10x_md.o [1]
Region$$Table$$Base     0x0800f788           --   Gb  - Linker created -
Region$$Table$$Limit    0x0800f7ac           --   Gb  - Linker created -
Reset_Handler           0x0800ff71          Code  Wk  startup_stm32f10x_md.o [1]
SBUFBASEADDRESS         0x20002d08    0x10  Data  Gb  w5200.o [1]
SMASK                   0x20002cc8    0x10  Data  Gb  w5200.o [1]
SPI1_IRQHandler         0x0801043b          Code  Wk  startup_stm32f10x_md.o [1]
SPI2_IRQHandler         0x0801043f          Code  Wk  startup_stm32f10x_md.o [1]
SPI_Cmd                 0x0800b3fd    0x1a  Code  Gb  core_cm3.o [1]
SPI_I2S_GetFlagStatus   0x0800b41f    0x14  Code  Gb  core_cm3.o [1]
SPI_I2S_ReceiveData     0x0800b41b     0x4  Code  Gb  core_cm3.o [1]
SPI_I2S_SendData        0x0800b417     0x4  Code  Gb  core_cm3.o [1]
SPI_Init                0x0800b3bf    0x3e  Code  Gb  core_cm3.o [1]
SSIZE                   0x20002ce8    0x10  Data  Gb  w5200.o [1]
SVC_Handler             0x0800e3ed     0x2  Code  Gb  stm32f10x_it.o [1]
SetNetInfo              0x08006c57    0xd4  Code  Gb  socket.o [1]
SetSysClock             0x0800cdcb     0x8  Code  Lc  system_stm32f10x.o [1]
SetSysClockTo72         0x0800cdd3    0xe0  Code  Lc  system_stm32f10x.o [1]
SysTick_Config          0x0800bdc3    0x36  Code  Lc  wizplatform.o [1]
SysTick_Handler         0x0800bdf9    0x10  Code  Gb  wizplatform.o [1]
SystemCoreClock         0x200016e8     0x4  Data  Gb  system_stm32f10x.o [1]
SystemInit              0x0800cd79    0x52  Code  Gb  system_stm32f10x.o [1]
TAMPER_IRQHandler       0x080103b7          Code  Wk  startup_stm32f10x_md.o [1]
TCPClose                0x08007373    0x3c  Code  Gb  socket.o [1]
TCPCloseCHK             0x08007437    0x92  Code  Gb  socket.o [1]
TCPCloseNB              0x080073af    0x88  Code  Gb  socket.o [1]
TCPClsRcvCHK            0x080074d5    0x88  Code  Gb  socket.o [1]
TCPCltOpenNB            0x08007011   0x2e6  Code  Gb  socket.o [1]
TCPConnChk              0x080072f7    0x7c  Code  Gb  socket.o [1]
TCPReSendNB             0x080076f9   0x14e  Code  Gb  socket.o [1]
TCPRecv                 0x08007931   0x10e  Code  Gb  socket.o [1]
TCPSendCHK              0x08007855    0xd4  Code  Gb  socket.o [1]
TCPSendNB               0x08007585   0x16c  Code  Gb  socket.o [1]
TCPServerOpen           0x08006e73   0x19e  Code  Gb  socket.o [1]
TIM1_BRK_IRQHandler     0x0801040f          Code  Wk  startup_stm32f10x_md.o [1]
TIM1_CC_IRQHandler      0x0801041b          Code  Wk  startup_stm32f10x_md.o [1]
TIM1_TRG_COM_IRQHandler
                        0x08010417          Code  Wk  startup_stm32f10x_md.o [1]
TIM1_UP_IRQHandler      0x08010413          Code  Wk  startup_stm32f10x_md.o [1]
TIM2_IRQHandler         0x0800e3f3     0x2  Code  Gb  stm32f10x_it.o [1]
TIM3_IRQHandler         0x0800e3f5     0x2  Code  Gb  stm32f10x_it.o [1]
TIM4_IRQHandler         0x08010427          Code  Wk  startup_stm32f10x_md.o [1]
UDPClose                0x08007b81    0x7c  Code  Gb  socket.o [1]
UDPOpen                 0x08007a51   0x128  Code  Gb  socket.o [1]
UDPRecv                 0x08007f75   0x340  Code  Gb  socket.o [1]
UDPSend                 0x08007c15    0x48  Code  Gb  socket.o [1]
UDPSendCHK              0x08007ee5    0x6c  Code  Gb  socket.o [1]
UDPSendNB               0x08007c5d   0x288  Code  Gb  socket.o [1]
USART1_IRQHandler       0x0800be09    0xd0  Code  Gb  wizplatform.o [1]
USART2_IRQHandler       0x0800e3f7     0x2  Code  Gb  stm32f10x_it.o [1]
USART3_IRQHandler       0x0801044b          Code  Wk  startup_stm32f10x_md.o [1]
USART_ClearITPendingBit
                        0x0800b62d    0x22  Code  Gb  core_cm3.o [1]
USART_Cmd               0x0800b531    0x1a  Code  Gb  core_cm3.o [1]
USART_GetFlagStatus     0x0800b5ad    0x1c  Code  Gb  core_cm3.o [1]
USART_GetITStatus       0x0800b5c9    0x64  Code  Gb  core_cm3.o [1]
USART_ITConfig          0x0800b54b    0x52  Code  Gb  core_cm3.o [1]
USART_Init              0x0800b433    0xbe  Code  Gb  core_cm3.o [1]
USART_ReceiveData       0x0800b5a5     0x8  Code  Gb  core_cm3.o [1]
USART_SendData          0x0800b59d     0x8  Code  Gb  core_cm3.o [1]
USBWakeUp_IRQHandler    0x08010457          Code  Wk  startup_stm32f10x_md.o [1]
USB_HP_CAN1_TX_IRQHandler
                        0x080103fb          Code  Wk  startup_stm32f10x_md.o [1]
USB_LP_CAN1_RX0_IRQHandler
                        0x080103ff          Code  Wk  startup_stm32f10x_md.o [1]
UsageFault_Handler      0x0800e3e3     0xa  Code  Gb  stm32f10x_it.o [1]
WWDG_IRQHandler         0x080103af          Code  Wk  startup_stm32f10x_md.o [1]
_GenldDefault           0x0800a4bd   0x24e  Code  Lc  xprintffull.o [3]
_LdtobDefault           0x0800a0a9   0x40e  Code  Lc  xprintffull.o [3]
_LitobDefault           0x08009f9b   0x10e  Code  Lc  xprintffull.o [3]
_LocaleC_isalpha        0x0800f721    0x22  Code  Gb  atcmd.o [1]
_LocaleC_islower        0x0800ff81    0x10  Code  Gb  atcmd.o [1]
_LocaleC_ispunct        0x0800f2c1    0x28  Code  Gb  atcmd.o [1]
_LocaleC_isupper        0x0800ff91    0x10  Code  Gb  atcmd.o [1]
_LocaleC_toupper        0x0800fbe3    0x16  Code  Gb  atcmd.o [1]
_Printf                 0x08009a95   0x506  Code  Gb  xprintffull.o [3]
_Prout                  0x0800fbf9    0x16  Code  Gb  xprout.o [3]
_PutcharsDefault        0x0800a725    0x32  Code  Lc  xprintffull.o [3]
_SProut                 0x08010289     0xa  Code  Gb  xsprout.o [3]
_Strtok_ssave           0x200016ec     0x4  Data  Lc  strtok.o [3]
__aeabi_cdcmple         0x0800eb8d          Code  Gb  DblCmpLe.o [4]
__aeabi_cdrcmple        0x0800ebbd          Code  Gb  DblCmpGe.o [4]
__aeabi_d2iz            0x0800d915          Code  Gb  DblToI32.o [4]
__aeabi_d2uiz           0x0800d941          Code  Gb  DblToI32.o [4]
__aeabi_dadd            0x0800d221          Code  Gb  DblAdd.o [4]
__aeabi_ddiv            0x0800c411          Code  Gb  DblDiv.o [4]
__aeabi_dmul            0x0800ca55          Code  Gb  DblMul.o [4]
__aeabi_dsub            0x0800cbf9          Code  Gb  DblSub.o [4]
__aeabi_errno_addr      0x0800fd01    0x14  Code  Gb  errno.o [3]
__aeabi_i2d             0x0800ebed          Code  Gb  I32ToDbl.o [4]
__aeabi_ldiv0           0x08010389          Code  Gb  I64DivZer.o [4]
__aeabi_ldivmod         0x0800ced1          Code  Gb  I64DivMod.o [4]
__aeabi_memclr4         0x0801037d          Code  Gb  ABImemclr4.o [4]
__aeabi_memcpy          0x0800d6b5          Code  Gb  ABImemcpy.o [4]
__aeabi_memcpy4         0x0800d6cf          Code  Gb  ABImemcpy.o [4]
__aeabi_memcpy8         0x0800d6cf          Code  Gb  ABImemcpy.o [4]
__aeabi_memset          0x0800d78d          Code  Gb  ABImemset.o [4]
__aeabi_memset4         0x0800e355          Code  Gb  ABImemset48.o [4]
__aeabi_memset8         0x0800e355          Code  Gb  ABImemset48.o [4]
__aeabi_ui2d            0x0800ec01          Code  Gb  I32ToDbl.o [4]
__aeabi_uldivmod        0x0800cee5          Code  Gb  I64DivMod.o [4]
__call_dtors            0x0800d749     0x2  Code  Gb  cppinit.o [3]
__cstart_call_dtors     0x0800ffb3          Code  Gb  cexit.o [4]
__cxa_atexit            0x0800d725    0x24  Code  Gb  cppinit.o [3]
__cxa_finalize          0x0800d74b    0x36  Code  Gb  cppinit.o [3]
__data_Aldata           0x20002d50     0x8  Data  Gb  xxmemxmalloc.o [3]
__data_GetMemChunk      0x0800f299    0x28  Code  Gb  xgetmemchunk.o [3]
__data_memzero          0x0800fd3d    0x12  Code  Gb  xxmemxmemzero.o [3]
__exit                  0x0800fd15    0x14  Code  Gb  exit.o [5]
__iar_Dnorm             0x0800d307    0xc6  Code  Gb  xdnorm.o [3]
__iar_Dscale            0x0800d119   0x108  Code  Gb  xdscale.o [3]
__iar_Errno             0x20002d5c     0x4  Data  Gb  errno.o [3]
__iar_Locksyslock       0x0800d5db    0x46  Code  Gb  xsyslock.o [3]
__iar_Memchr            0x0800d8bd          Code  Gb  memchr.o [4]
__iar_Memset            0x0800d78d          Code  Gb  ABImemset.o [4]
__iar_Memset4_word      0x0800e35d          Code  Gb  ABImemset48.o [4]
__iar_Memset8_word      0x0800e35d          Code  Gb  ABImemset48.o [4]
__iar_Memset_word       0x0800d795          Code  Gb  ABImemset.o [4]
__iar_Mtxdst            0x0800dd9b     0xe  Code  Gb  MtxWrapper.o [3]
__iar_Mtxinit           0x0800dd8d     0xe  Code  Gb  MtxWrapper.o [3]
__iar_Mtxlock           0x0800dda9     0xe  Code  Gb  MtxWrapper.o [3]
__iar_Mtxunlock         0x0800ddb7     0xe  Code  Gb  MtxWrapper.o [3]
__iar_Stoul             0x0800d001   0x118  Code  Gb  xstoul.o [3]
__iar_Strchr            0x0800fbcd          Code  Gb  strchr.o [4]
__iar_Tls_setup___iar_Errno
                        0x20002d58     0x4  Data  Gb  errno.o [3]
__iar_Unlocksyslock     0x0800d621    0x14  Code  Gb  xsyslock.o [3]
__iar_copy_init2        0x0800f6fd    0x24  Code  Gb  copy_init2.o [4]
__iar_d2uiz             0x0800d94b          Code  Gb  DblToI32.o [4]
__iar_dadd              0x0800d233          Code  Gb  DblAdd.o [4]
__iar_data_init2        0x0800f94d    0x20  Code  Gb  data_init2.o [4]
__iar_dsub              0x0800cc0b          Code  Gb  DblSub.o [4]
__iar_dsubStart         0x0800cc1d          Code  Gb  DblSub.o [4]
__iar_program_start     0x0800fb9d          Code  Gb  cmain.o [4]
__iar_sh_stdout_close   0x0800fabd    0x16  Code  Gb  iarwstd.o [5]
__iar_sh_stdout_handle  0x20002d8c     0x4  Data  Lc  iarwstd.o [5]
__iar_strcmp            0x0800de5d          Code  Gb  strcmp.o [4]
__iar_ui2d              0x0800ec03          Code  Gb  I32ToDbl.o [4]
__iar_zero_init2        0x0800faf3    0x1a  Code  Gb  zero_init2.o [4]
__low_level_init        0x0801045b     0x4  Code  Gb  low_level_init.o [3]
__vector_table          0x08000000          Data  Gb  startup_stm32f10x_md.o [1]
_exit                   0x0800ffb1          Code  Gb  cexit.o [4]
_main                   0x0800fbaf          Code  Gb  cmain.o [4]
act_mevt_a              0x08006831    0x68  Code  Gb  cmdrun.o [1]
act_mevt_q              0x0800679d    0x94  Code  Gb  cmdrun.o [1]
act_mset_a              0x080066b1    0x82  Code  Gb  cmdrun.o [1]
act_mset_q              0x08006641    0x64  Code  Gb  cmdrun.o [1]
act_mstat               0x08006745    0x42  Code  Gb  cmdrun.o [1]
act_ncls                0x08005819    0xf2  Code  Gb  cmdrun.o [1]
act_nmac_a              0x08005535    0x3c  Code  Gb  cmdrun.o [1]
act_nmac_q              0x080054d9    0x5c  Code  Gb  cmdrun.o [1]
act_nopen_a             0x080055b1   0x258  Code  Gb  cmdrun.o [1]
act_nopen_q             0x080055a1    0x10  Code  Gb  cmdrun.o [1]
act_nrecv               0x08005c51   0x612  Code  Gb  cmdrun.o [1]
act_nsend               0x08005af5   0x11c  Code  Gb  cmdrun.o [1]
act_nsend_chk           0x08005931   0x1bc  Code  Gb  cmdrun.o [1]
act_nset_a              0x080051b1    0xf6  Code  Gb  cmdrun.o [1]
act_nset_q              0x08004f97   0x1fe  Code  Gb  cmdrun.o [1]
act_nsock               0x08006285   0x3b0  Code  Gb  cmdrun.o [1]
act_nstat               0x080052dd   0x1f4  Code  Gb  cmdrun.o [1]
alarm_del               0x0800c8db    0x80  Code  Gb  util.o [1]
alarm_run               0x0800c95b    0x3c  Code  Gb  util.o [1]
alarm_set               0x0800c85d    0x7e  Code  Gb  util.o [1]
alst                    0x20002d70     0x4  Data  Lc  util.o [1]
atc_async_cb            0x080049a1   0x5f6  Code  Gb  cmdrun.o [1]
atc_init                0x08000109    0x9a  Code  Gb  atcmd.o [1]
atc_resend_alarm        0x080048d7    0xc6  Code  Lc  cmdrun.o [1]
atc_run                 0x080001a5   0x4b4  Code  Gb  atcmd.o [1]
atci                    0x200016f8  0x10cc  Data  Gb  atcmd.o [1]
atoi                    0x0801027d     0xc  Code  Gb  atcmd.o [1]
calloc                  0x0800fad9    0x1a  Code  Gb  xxmemxcalloc.o [3]
clearlocks              0x0800d5b5    0x26  Code  Lc  xsyslock.o [3]
cmd_assign              0x08000d4d   0x394  Code  Lc  atcmd.o [1]
cmd_divide              0x08000839   0x4b0  Code  Lc  atcmd.o [1]
cmd_resp                0x080011c1   0x570  Code  Gb  atcmd.o [1]
cmd_resp_dump           0x080010ed    0x92  Code  Gb  atcmd.o [1]
cmd_set_prev            0x0800065d   0x1da  Code  Lc  atcmd.o [1]
device_HW_reset         0x0800c1a3    0x24  Code  Gb  wizplatform.o [1]
device_SW_reset         0x0800696d    0x22  Code  Gb  socket.o [1]
device_init             0x08006959    0x14  Code  Gb  socket.o [1]
device_mem_init         0x0800698f   0x2c8  Code  Gb  socket.o [1]
dhcp_alarm              0x20002d9c     0x1  Data  Lc  dhcp.o [1]
dhcp_alarm_cb           0x080086ad    0xfe  Code  Lc  dhcp.o [1]
dhcp_async              0x20002d9d     0x1  Data  Lc  dhcp.o [1]
dhcp_async_cb           0x080087ab   0x10a  Code  Lc  dhcp.o [1]
dhcp_auto_start         0x08008645    0x68  Code  Gb  dhcp.o [1]
dhcp_fail               0x08008e35    0x72  Code  Lc  dhcp.o [1]
dhcp_get_storage        0x080084a1    0x5e  Code  Gb  dhcp.o [1]
dhcp_init               0x08008319    0xa6  Code  Gb  dhcp.o [1]
dhcp_run                0x080088d5   0x55e  Code  Lc  dhcp.o [1]
dhcp_run_cnt            0x20002d9e     0x1  Data  Lc  dhcp.o [1]
dhcp_run_tick           0x20002d64     0x4  Data  Lc  dhcp.o [1]
dhcp_set_storage        0x080083bf    0xe2  Code  Gb  dhcp.o [1]
dhcp_static_mode        0x080084ff   0x146  Code  Gb  dhcp.o [1]
di                      0x20002ba0    0x24  Data  Lc  dhcp.o [1]
digit_length            0x0800c997    0x32  Code  Gb  util.o [1]
digits                  0x0800d994    0x28  Data  Lc  xstoul.o [3]
div                     0x0800ffcd     0xe  Code  Gb  div.o [3]
dm                      0x200027c4   0x224  Data  Lc  dhcp.o [1]
eqp_cnt                 0x20002d9b     0x1  Data  Gb  cmdrun.o [1]
event_dequeue           0x0800478f   0x148  Code  Lc  cmdrun.o [1]
event_enqueue           0x08004653   0x13c  Code  Lc  cmdrun.o [1]
eventqueue              0x20002d60     0x4  Data  Gb  cmdrun.o [1]
exit                    0x08010383     0x6  Code  Gb  exit.o [3]
free                    0x0800d52d    0x84  Code  Gb  xxmemxfree.o [3]
getDIPR                 0x0800b95f    0x60  Code  Gb  w5200.o [1]
getDPORT                0x0800b9bf    0x3a  Code  Gb  w5200.o [1]
getGAR                  0x0800b8b7    0x26  Code  Gb  w5200.o [1]
getIINCHIP_RxBASE       0x0800b6a5     0xc  Code  Gb  w5200.o [1]
getIINCHIP_RxMASK       0x0800b68d     0xc  Code  Gb  w5200.o [1]
getIINCHIP_RxMAX        0x0800b675     0xc  Code  Gb  w5200.o [1]
getIINCHIP_TxBASE       0x0800b6b1     0xc  Code  Gb  w5200.o [1]
getIINCHIP_TxMASK       0x0800b699     0xc  Code  Gb  w5200.o [1]
getIINCHIP_TxMAX        0x0800b681     0xc  Code  Gb  w5200.o [1]
getSHAR                 0x0800b903    0x36  Code  Gb  w5200.o [1]
getSIPR                 0x0800b939    0x26  Code  Gb  w5200.o [1]
getSUBR                 0x0800b8dd    0x26  Code  Gb  w5200.o [1]
getSn_RX_RSR            0x0800ba9b    0x7c  Code  Gb  w5200.o [1]
getSn_SR                0x0800ba07    0x18  Code  Gb  w5200.o [1]
getSn_TX_FSR            0x0800ba1f    0x7c  Code  Gb  w5200.o [1]
getchar_nonblk          0x0800c34b    0x4c  Code  Gb  wizplatform.o [1]
hdl_eset                0x080044d9    0x40  Code  Lc  atcmd.o [1]
hdl_estat               0x08004519    0x40  Code  Lc  atcmd.o [1]
hdl_fdhcpd              0x080043cd    0x40  Code  Lc  atcmd.o [1]
hdl_fdns                0x08004411    0x40  Code  Lc  atcmd.o [1]
hdl_fgpio               0x08004491    0x40  Code  Lc  atcmd.o [1]
hdl_fping               0x08004451    0x40  Code  Lc  atcmd.o [1]
hdl_mevt                0x08004099   0x232  Code  Lc  atcmd.o [1]
hdl_mprof               0x0800434b    0x40  Code  Lc  atcmd.o [1]
hdl_mrst                0x0800438b    0x42  Code  Lc  atcmd.o [1]
hdl_mset                0x080037a9   0x6b0  Code  Lc  atcmd.o [1]
hdl_mspi                0x0800430b    0x40  Code  Lc  atcmd.o [1]
hdl_mstat               0x08003e6d   0x222  Code  Lc  atcmd.o [1]
hdl_musart              0x080042cb    0x40  Code  Lc  atcmd.o [1]
hdl_ncls                0x08002ac1   0x25c  Code  Lc  atcmd.o [1]
hdl_nmac                0x08002259   0x212  Code  Lc  atcmd.o [1]
hdl_nopen               0x08002485   0x62e  Code  Lc  atcmd.o [1]
hdl_nopt                0x080036ff    0x90  Code  Lc  atcmd.o [1]
hdl_nrecv               0x0800317d   0x364  Code  Lc  atcmd.o [1]
hdl_nsend               0x08002d29   0x43e  Code  Lc  atcmd.o [1]
hdl_nset                0x08001795   0x8ca  Code  Lc  atcmd.o [1]
hdl_nsock               0x080034e1   0x21e  Code  Lc  atcmd.o [1]
hdl_nstat               0x08002065   0x1e0  Code  Lc  atcmd.o [1]
htonl                   0x0800aeeb     0x8  Code  Gb  sockutil.o [1]
htons                   0x0800aee1     0xa  Code  Gb  sockutil.o [1]
incr_windowfull_retry_cnt
                        0x0800b651    0x18  Code  Gb  w5200.o [1]
init_windowfull_retry_cnt
                        0x0800b669     0xc  Code  Gb  w5200.o [1]
ip_check                0x0800acdb    0x80  Code  Gb  sockutil.o [1]
isalpha                 0x0801036d     0x8  Code  Gb  atcmd.o [1]
isdigit                 0x0800ffa1    0x10  Code  Gb  atcmd.o [1]
isgraph                 0x0800fbb5    0x18  Code  Gb  atcmd.o [1]
isprint                 0x0800ee85    0x2a  Code  Gb  atcmd.o [1]
ispunct                 0x08010375     0x8  Code  Gb  atcmd.o [1]
isxdigit                0x0800f6d9    0x24  Code  Gb  sockutil.o [1]
local_port              0x200016f4     0x2  Data  Lc  socket.o [1]
mac_check               0x0800ad8d    0x7a  Code  Gb  sockutil.o [1]
main                    0x0800d489    0xa4  Code  Gb  main.o [1]
malloc                  0x0800d3cd    0xb6  Code  Gb  xxmemxmalloc.o [3]
memchr                  0x0800d8bd          Code  Gb  memchr.o [4]
memcmp                  0x0800d859          Code  Gb  memcmp.o [4]
memcpy                  0x0800ffbf     0xe  Code  Gb  atcmd.o [1]
memset                  0x0800fd29    0x14  Code  Gb  atcmd.o [1]
msTicks                 0x20002d74     0x4  Data  Gb  wizplatform.o [1]
mtx                     0x20002c78    0x10  Data  Lc  xsyslock.o [3]
mtxdst                  0x20002d80     0x4  Data  Lc  MtxWrapper.o [3]
mtxinit                 0x20002d7c     0x4  Data  Lc  MtxWrapper.o [3]
mtxlock                 0x20002d84     0x4  Data  Lc  MtxWrapper.o [3]
mtxunlock               0x20002d88     0x4  Data  Lc  MtxWrapper.o [3]
ndigs                   0x0800d96c    0x28  Data  Lc  xstoul.o [3]
network_disp            0x0800a8fd    0xb0  Code  Gb  sockutil.o [1]
network_init            0x0800a759   0x1a4  Code  Gb  sockutil.o [1]
next_abi_dtor_rec       0x200016f0     0x4  Data  Lc  cppinit.o [3]
ntohl                   0x0800aef3     0x8  Code  Gb  sockutil.o [1]
platform_init           0x0800bed9    0xd2  Code  Gb  wizplatform.o [1]
port_check              0x0800ad5b    0x32  Code  Gb  sockutil.o [1]
prevbuf                 0x20002b78    0x28  Data  Lc  atcmd.o [1]
prevcnt                 0x20002d97     0x1  Data  Lc  atcmd.o [1]
previdx                 0x20002d96     0x1  Data  Lc  atcmd.o [1]
prevlen                 0x20002d90     0x2  Data  Lc  atcmd.o [1]
printf                  0x0800f92d    0x20  Code  Gb  printf.o [3]
putchar                 0x0800c397    0x20  Code  Gb  wizplatform.o [1]
recv_data_ignore        0x0800bd31    0x6c  Code  Gb  w5200.o [1]
recv_data_processing    0x0800bc09   0x102  Code  Gb  w5200.o [1]
recv_handler            0x08008ee9   0x568  Code  Lc  dhcp.o [1]
recvnum                 0x20002d9a     0x1  Data  Lc  cmdrun.o [1]
recvord                 0x20002d38     0x8  Data  Lc  cmdrun.o [1]
send_data_processing    0x0800bb17    0xf2  Code  Gb  w5200.o [1]
send_discover           0x08009489   0x27c  Code  Lc  dhcp.o [1]
send_request            0x08009729   0x2aa  Code  Lc  dhcp.o [1]
setGAR                  0x0800b80f    0x26  Code  Gb  w5200.o [1]
setMR                   0x0800b9f9     0xe  Code  Gb  w5200.o [1]
setSHAR                 0x0800b85b    0x36  Code  Gb  w5200.o [1]
setSIPR                 0x0800b891    0x26  Code  Gb  w5200.o [1]
setSUBR                 0x0800b835    0x26  Code  Gb  w5200.o [1]
sock_get                0x08004579    0x52  Code  Lc  cmdrun.o [1]
sock_put                0x080045cb    0x88  Code  Lc  cmdrun.o [1]
sockbusy                0x20002d30     0x8  Data  Lc  cmdrun.o [1]
sockport                0x20002c88    0x10  Data  Lc  cmdrun.o [1]
sockstat                0x20002d28     0x8  Data  Lc  cmdrun.o [1]
sockwatch_close         0x0800aa0d    0x4e  Code  Gb  sockutil.o [1]
sockwatch_clr           0x0800aaaf    0x54  Code  Gb  sockutil.o [1]
sockwatch_open          0x0800a9ad    0x60  Code  Gb  sockutil.o [1]
sockwatch_run           0x0800ab03   0x1d8  Code  Gb  sockutil.o [1]
sockwatch_set           0x0800aa5b    0x54  Code  Gb  sockutil.o [1]
sprintf                 0x0800eb5d    0x30  Code  Gb  sprintf.o [3]
storage                 0x20002c5c    0x18  Data  Lc  dhcp.o [1]
str_check               0x0800c9c9    0x3c  Code  Gb  util.o [1]
strchr                  0x0800fbcd          Code  Gb  strchr.o [4]
strcmp                  0x0800de5d          Code  Gb  strcmp.o [4]
strcpy                  0x0800de19          Code  Gb  strcpy.o [4]
strcspn                 0x0800f743    0x22  Code  Gb  strcspn.o [3]
strlen                  0x0800e38d          Code  Gb  strlen.o [4]
strsep                  0x0800ca05    0x3c  Code  Gb  util.o [1]
strspn                  0x0800f765    0x22  Code  Gb  strspn.o [3]
strtok                  0x0800dc69    0x4c  Code  Gb  strtok.o [3]
strtol                  0x0800d63d    0x78  Code  Gb  strtol.o [3]
swapl                   0x0800aec3    0x1e  Code  Gb  sockutil.o [1]
swaps                   0x0800aeb1    0x12  Code  Gb  sockutil.o [1]
syslock_o               0x20002c74     0x4  Data  Lc  xsyslock.o [3]
tcp_close_elapse        0x20002be4    0x20  Data  Lc  socket.o [1]
tcp_resend_elapse       0x20002c04    0x20  Data  Lc  socket.o [1]
tcpleft                 0x20002ca8    0x10  Data  Lc  cmdrun.o [1]
termbuf                 0x20002b14    0x64  Data  Lc  atcmd.o [1]
toupper                 0x08010365     0x8  Code  Gb  atcmd.o [1]
txrd_checker            0x20002cb8    0x10  Data  Lc  socket.o [1]
u1rx_buf                0x200029e8   0x12c  Data  Gb  wizplatform.o [1]
u1rx_rd                 0x20002d94     0x2  Data  Gb  wizplatform.o [1]
u1rx_wr                 0x20002d92     0x2  Data  Gb  wizplatform.o [1]
udpip                   0x20002bc4    0x20  Data  Lc  cmdrun.o [1]
udpport                 0x20002c98    0x10  Data  Lc  cmdrun.o [1]
watch_cb                0x20002c24    0x20  Data  Lc  sockutil.o [1]
watch_sock              0x20002d40     0x8  Data  Lc  sockutil.o [1]
windowfull_retry_cnt    0x20002d48     0x8  Data  Gb  w5200.o [1]
wizpf_get_systick       0x0800c0bf     0x8  Code  Gb  wizplatform.o [1]
wizpf_led_set           0x0800c0ed    0x62  Code  Gb  wizplatform.o [1]
wizpf_led_trap          0x0800c14f    0x54  Code  Gb  wizplatform.o [1]
wizpf_tick_conv         0x0800c0c7    0x1a  Code  Gb  wizplatform.o [1]
wizpf_tick_elapse       0x0800c0e1     0xc  Code  Gb  wizplatform.o [1]
wizpf_uart_init         0x0800bfab   0x114  Code  Gb  wizplatform.o [1]
wizspi_byte             0x0800c7e3    0x58  Code  Gb  wizspi.o [1]
wizspi_cs               0x0800c797    0x4c  Code  Gb  wizspi.o [1]
wizspi_init             0x0800c659   0x13e  Code  Gb  wizspi.o [1]
workinfo                0x20002c44    0x18  Data  Lc  dhcp.o [1]


[1] = E:\_user\Desktop\Git\FWlib-dev\examples\Serial2Ethernet\out-EWARM54-W7200EVB\Obj
[2] = command line
[3] = dl7M_tl_in.a
[4] = rt7M_tl.a
[5] = shb_l.a

  57 202 bytes of readonly  code memory
   9 490 bytes of readonly  data memory
  11 680 bytes of readwrite data memory

Errors: none
Warnings: none
